<html>
<body>
<pre>
<h1>礦ision Build Log</h1>
<h2>Tool Versions:</h2>
IDE-Version: μVision V5.25.2.0
Copyright (C) 2018 ARM Ltd and ARM Germany GmbH. All rights reserved.
License Information: zhou fei, Amit, LIC=8VRJ7-EBLP4-Z93G9-4MVBJ-R77GS-0KRYP
 
Tool Versions:
Toolchain:       MDK-ARM Plus  Version: 5.25.2.0
Toolchain Path:  D:\1.software\Keil_v5\ARM\ARMCC\Bin
C Compiler:      Armcc.exe V5.06 update 6 (build 750)
Assembler:       Armasm.exe V5.06 update 6 (build 750)
Linker/Locator:  ArmLink.exe V5.06 update 6 (build 750)
Library Manager: ArmAr.exe V5.06 update 6 (build 750)
Hex Converter:   FromElf.exe V5.06 update 6 (build 750)
CPU DLL:         SARMCM3.DLL V5.25.2.0
Dialog DLL:      DCM.DLL V1.17.1.0
Target DLL:      Segger\JL2CM3.dll V2.99.29.0
Dialog DLL:      TCM.DLL V1.35.1.0
 
<h2>Project:</h2>
D:\2.Desktop\STM32F407-FreeRTOS TCPIP\STM32F407-FreeRTOS TCPIP.uvprojx
Project File Date:  03/06/2022

<h2>Output:</h2>
*** Using Compiler 'V5.06 update 6 (build 750)', folder: 'D:\1.software\Keil_v5\ARM\ARMCC\Bin'
Build target 'Target'
assembling startup_stm32f40_41xxx.s...
compiling stm32f4xx_crc.c...
compiling stm32f4xx_cec.c...
compiling misc.c...
compiling stm32f4xx_can.c...
compiling stm32f4xx_cryp.c...
compiling system_stm32f4xx.c...
compiling stm32f4xx_adc.c...
compiling stm32f4xx_cryp_aes.c...
compiling stm32f4xx_cryp_tdes.c...
compiling stm32f4xx_dac.c...
compiling stm32f4xx_dbgmcu.c...
compiling stm32f4xx_cryp_des.c...
compiling stm32f4xx_dcmi.c...
compiling stm32f4xx_dma.c...
compiling stm32f4xx_dfsdm.c...
compiling stm32f4xx_dma2d.c...
compiling stm32f4xx_dsi.c...
compiling stm32f4xx_exti.c...
compiling stm32f4xx_flash_ramfunc.c...
compiling stm32f4xx_fmpi2c.c...
compiling stm32f4xx_gpio.c...
compiling stm32f4xx_flash.c...
compiling stm32f4xx_fsmc.c...
compiling stm32f4xx_hash.c...
compiling stm32f4xx_hash_md5.c...
compiling stm32f4xx_hash_sha1.c...
compiling stm32f4xx_i2c.c...
compiling stm32f4xx_iwdg.c...
compiling stm32f4xx_lptim.c...
compiling stm32f4xx_ltdc.c...
compiling stm32f4xx_pwr.c...
compiling stm32f4xx_qspi.c...
compiling stm32f4xx_rcc.c...
compiling stm32f4xx_rng.c...
compiling stm32f4xx_sai.c...
compiling stm32f4xx_sdio.c...
compiling stm32f4xx_rtc.c...
compiling stm32f4xx_spdifrx.c...
compiling croutine.c...
compiling stm32f4xx_spi.c...
compiling event_groups.c...
compiling list.c...
compiling timers.c...
compiling queue.c...
compiling stream_buffer.c...
compiling stm32f4xx_syscfg.c...
compiling tasks.c...
compiling stm32f4xx_wwdg.c...
compiling stm32f4xx_usart.c...
compiling heap_5.c...
compiling stm32f4xx_tim.c...
compiling FreeRTOS_ARP.c...
.\FreeRTOS-Plus-TCP\include\FreeRTOS_IP.h(106): warning:  #2770-D: definition at end of file not followed by a semicolon or a declarator
  }
.\FreeRTOS-Plus-TCP\include\FreeRTOS_IP_Private.h(67): warning:  #2770-D: definition at end of file not followed by a semicolon or a declarator
  }
.\FreeRTOS-Plus-TCP\include\FreeRTOS_IP_Private.h(83): warning:  #2770-D: definition at end of file not followed by a semicolon or a declarator
  }
.\FreeRTOS-Plus-TCP\include\FreeRTOS_IP_Private.h(100): warning:  #2770-D: definition at end of file not followed by a semicolon or a declarator
  }
.\FreeRTOS-Plus-TCP\include\FreeRTOS_IP_Private.h(111): warning:  #2770-D: definition at end of file not followed by a semicolon or a declarator
  }
.\FreeRTOS-Plus-TCP\include\FreeRTOS_IP_Private.h(123): warning:  #2770-D: definition at end of file not followed by a semicolon or a declarator
  }
.\FreeRTOS-Plus-TCP\include\FreeRTOS_IP_Private.h(134): warning:  #2770-D: definition at end of file not followed by a semicolon or a declarator
  }
.\FreeRTOS-Plus-TCP\include\FreeRTOS_IP_Private.h(154): warning:  #2770-D: definition at end of file not followed by a semicolon or a declarator
  }
.\FreeRTOS-Plus-TCP\include\FreeRTOS_IP_Private.h(166): warning:  #2770-D: definition at end of file not followed by a semicolon or a declarator
  }
.\FreeRTOS-Plus-TCP\include\FreeRTOS_IP_Private.h(179): warning:  #2770-D: definition at end of file not followed by a semicolon or a declarator
  }
.\FreeRTOS-Plus-TCP\include\FreeRTOS_IP_Private.h(188): warning:  #2770-D: definition at end of file not followed by a semicolon or a declarator
  }
.\FreeRTOS-Plus-TCP\include\FreeRTOS_IP_Private.h(198): warning:  #2770-D: definition at end of file not followed by a semicolon or a declarator
  }
.\FreeRTOS-Plus-TCP\include\FreeRTOS_IP_Private.h(208): warning:  #2770-D: definition at end of file not followed by a semicolon or a declarator
  }
.\FreeRTOS-Plus-TCP\include\FreeRTOS_IP_Private.h(218): warning:  #2770-D: definition at end of file not followed by a semicolon or a declarator
  }
.\FreeRTOS-Plus-TCP\include\FreeRTOS_IP_Private.h(291): warning:  #2770-D: definition at end of file not followed by a semicolon or a declarator
  }
FreeRTOS-Plus-TCP\source\FreeRTOS_ARP.c: 15 warnings, 0 errors
compiling FreeRTOS_DNS.c...
.\FreeRTOS-Plus-TCP\include\FreeRTOS_IP.h(106): warning:  #2770-D: definition at end of file not followed by a semicolon or a declarator
  }
.\FreeRTOS-Plus-TCP\include\FreeRTOS_IP_Private.h(67): warning:  #2770-D: definition at end of file not followed by a semicolon or a declarator
  }
.\FreeRTOS-Plus-TCP\include\FreeRTOS_IP_Private.h(83): warning:  #2770-D: definition at end of file not followed by a semicolon or a declarator
  }
.\FreeRTOS-Plus-TCP\include\FreeRTOS_IP_Private.h(100): warning:  #2770-D: definition at end of file not followed by a semicolon or a declarator
  }
.\FreeRTOS-Plus-TCP\include\FreeRTOS_IP_Private.h(111): warning:  #2770-D: definition at end of file not followed by a semicolon or a declarator
  }
.\FreeRTOS-Plus-TCP\include\FreeRTOS_IP_Private.h(123): warning:  #2770-D: definition at end of file not followed by a semicolon or a declarator
  }
.\FreeRTOS-Plus-TCP\include\FreeRTOS_IP_Private.h(134): warning:  #2770-D: definition at end of file not followed by a semicolon or a declarator
  }
.\FreeRTOS-Plus-TCP\include\FreeRTOS_IP_Private.h(154): warning:  #2770-D: definition at end of file not followed by a semicolon or a declarator
  }
.\FreeRTOS-Plus-TCP\include\FreeRTOS_IP_Private.h(166): warning:  #2770-D: definition at end of file not followed by a semicolon or a declarator
  }
.\FreeRTOS-Plus-TCP\include\FreeRTOS_IP_Private.h(179): warning:  #2770-D: definition at end of file not followed by a semicolon or a declarator
  }
.\FreeRTOS-Plus-TCP\include\FreeRTOS_IP_Private.h(188): warning:  #2770-D: definition at end of file not followed by a semicolon or a declarator
  }
.\FreeRTOS-Plus-TCP\include\FreeRTOS_IP_Private.h(198): warning:  #2770-D: definition at end of file not followed by a semicolon or a declarator
  }
.\FreeRTOS-Plus-TCP\include\FreeRTOS_IP_Private.h(208): warning:  #2770-D: definition at end of file not followed by a semicolon or a declarator
  }
.\FreeRTOS-Plus-TCP\include\FreeRTOS_IP_Private.h(218): warning:  #2770-D: definition at end of file not followed by a semicolon or a declarator
  }
.\FreeRTOS-Plus-TCP\include\FreeRTOS_IP_Private.h(291): warning:  #2770-D: definition at end of file not followed by a semicolon or a declarator
  }
FreeRTOS-Plus-TCP\source\FreeRTOS_DNS.c: 15 warnings, 0 errors
compiling FreeRTOS_DHCP.c...
.\FreeRTOS-Plus-TCP\include\FreeRTOS_IP.h(106): warning:  #2770-D: definition at end of file not followed by a semicolon or a declarator
  }
.\FreeRTOS-Plus-TCP\include\FreeRTOS_IP_Private.h(67): warning:  #2770-D: definition at end of file not followed by a semicolon or a declarator
  }
.\FreeRTOS-Plus-TCP\include\FreeRTOS_IP_Private.h(83): warning:  #2770-D: definition at end of file not followed by a semicolon or a declarator
  }
.\FreeRTOS-Plus-TCP\include\FreeRTOS_IP_Private.h(100): warning:  #2770-D: definition at end of file not followed by a semicolon or a declarator
  }
.\FreeRTOS-Plus-TCP\include\FreeRTOS_IP_Private.h(111): warning:  #2770-D: definition at end of file not followed by a semicolon or a declarator
  }
.\FreeRTOS-Plus-TCP\include\FreeRTOS_IP_Private.h(123): warning:  #2770-D: definition at end of file not followed by a semicolon or a declarator
  }
.\FreeRTOS-Plus-TCP\include\FreeRTOS_IP_Private.h(134): warning:  #2770-D: definition at end of file not followed by a semicolon or a declarator
  }
.\FreeRTOS-Plus-TCP\include\FreeRTOS_IP_Private.h(154): warning:  #2770-D: definition at end of file not followed by a semicolon or a declarator
  }
.\FreeRTOS-Plus-TCP\include\FreeRTOS_IP_Private.h(166): warning:  #2770-D: definition at end of file not followed by a semicolon or a declarator
  }
.\FreeRTOS-Plus-TCP\include\FreeRTOS_IP_Private.h(179): warning:  #2770-D: definition at end of file not followed by a semicolon or a declarator
  }
.\FreeRTOS-Plus-TCP\include\FreeRTOS_IP_Private.h(188): warning:  #2770-D: definition at end of file not followed by a semicolon or a declarator
  }
.\FreeRTOS-Plus-TCP\include\FreeRTOS_IP_Private.h(198): warning:  #2770-D: definition at end of file not followed by a semicolon or a declarator
  }
.\FreeRTOS-Plus-TCP\include\FreeRTOS_IP_Private.h(208): warning:  #2770-D: definition at end of file not followed by a semicolon or a declarator
  }
.\FreeRTOS-Plus-TCP\include\FreeRTOS_IP_Private.h(218): warning:  #2770-D: definition at end of file not followed by a semicolon or a declarator
  }
.\FreeRTOS-Plus-TCP\include\FreeRTOS_IP_Private.h(291): warning:  #2770-D: definition at end of file not followed by a semicolon or a declarator
  }
FreeRTOS-Plus-TCP\source\FreeRTOS_DHCP.c(148): warning:  #2770-D: definition at end of file not followed by a semicolon or a declarator
  }
FreeRTOS-Plus-TCP\source\FreeRTOS_DHCP.c(362): warning:  #223-D: function "getRNG_value" declared implicitly
  					xDHCPData.ulTransactionId = ipconfigRAND32( );
FreeRTOS-Plus-TCP\source\FreeRTOS_DHCP.c(597): warning:  #223-D: function "getRNG_value" declared implicitly
  	xDHCPData.ulTransactionId = ipconfigRAND32();
FreeRTOS-Plus-TCP\source\FreeRTOS_DHCP.c: 18 warnings, 0 errors
compiling FreeRTOS_Stream_Buffer.c...
.\FreeRTOS-Plus-TCP\include\FreeRTOS_IP.h(106): warning:  #2770-D: definition at end of file not followed by a semicolon or a declarator
  }
.\FreeRTOS-Plus-TCP\include\FreeRTOS_IP_Private.h(67): warning:  #2770-D: definition at end of file not followed by a semicolon or a declarator
  }
.\FreeRTOS-Plus-TCP\include\FreeRTOS_IP_Private.h(83): warning:  #2770-D: definition at end of file not followed by a semicolon or a declarator
  }
.\FreeRTOS-Plus-TCP\include\FreeRTOS_IP_Private.h(100): warning:  #2770-D: definition at end of file not followed by a semicolon or a declarator
  }
.\FreeRTOS-Plus-TCP\include\FreeRTOS_IP_Private.h(111): warning:  #2770-D: definition at end of file not followed by a semicolon or a declarator
  }
.\FreeRTOS-Plus-TCP\include\FreeRTOS_IP_Private.h(123): warning:  #2770-D: definition at end of file not followed by a semicolon or a declarator
  }
.\FreeRTOS-Plus-TCP\include\FreeRTOS_IP_Private.h(134): warning:  #2770-D: definition at end of file not followed by a semicolon or a declarator
  }
.\FreeRTOS-Plus-TCP\include\FreeRTOS_IP_Private.h(154): warning:  #2770-D: definition at end of file not followed by a semicolon or a declarator
  }
.\FreeRTOS-Plus-TCP\include\FreeRTOS_IP_Private.h(166): warning:  #2770-D: definition at end of file not followed by a semicolon or a declarator
  }
.\FreeRTOS-Plus-TCP\include\FreeRTOS_IP_Private.h(179): warning:  #2770-D: definition at end of file not followed by a semicolon or a declarator
  }
.\FreeRTOS-Plus-TCP\include\FreeRTOS_IP_Private.h(188): warning:  #2770-D: definition at end of file not followed by a semicolon or a declarator
  }
.\FreeRTOS-Plus-TCP\include\FreeRTOS_IP_Private.h(198): warning:  #2770-D: definition at end of file not followed by a semicolon or a declarator
  }
.\FreeRTOS-Plus-TCP\include\FreeRTOS_IP_Private.h(208): warning:  #2770-D: definition at end of file not followed by a semicolon or a declarator
  }
.\FreeRTOS-Plus-TCP\include\FreeRTOS_IP_Private.h(218): warning:  #2770-D: definition at end of file not followed by a semicolon or a declarator
  }
.\FreeRTOS-Plus-TCP\include\FreeRTOS_IP_Private.h(291): warning:  #2770-D: definition at end of file not followed by a semicolon or a declarator
  }
FreeRTOS-Plus-TCP\source\FreeRTOS_Stream_Buffer.c: 15 warnings, 0 errors
compiling FreeRTOS_IP.c...
.\FreeRTOS-Plus-TCP\include\FreeRTOS_IP.h(106): warning:  #2770-D: definition at end of file not followed by a semicolon or a declarator
  }
.\FreeRTOS-Plus-TCP\include\FreeRTOS_IP_Private.h(67): warning:  #2770-D: definition at end of file not followed by a semicolon or a declarator
  }
.\FreeRTOS-Plus-TCP\include\FreeRTOS_IP_Private.h(83): warning:  #2770-D: definition at end of file not followed by a semicolon or a declarator
  }
.\FreeRTOS-Plus-TCP\include\FreeRTOS_IP_Private.h(100): warning:  #2770-D: definition at end of file not followed by a semicolon or a declarator
  }
.\FreeRTOS-Plus-TCP\include\FreeRTOS_IP_Private.h(111): warning:  #2770-D: definition at end of file not followed by a semicolon or a declarator
  }
.\FreeRTOS-Plus-TCP\include\FreeRTOS_IP_Private.h(123): warning:  #2770-D: definition at end of file not followed by a semicolon or a declarator
  }
.\FreeRTOS-Plus-TCP\include\FreeRTOS_IP_Private.h(134): warning:  #2770-D: definition at end of file not followed by a semicolon or a declarator
  }
.\FreeRTOS-Plus-TCP\include\FreeRTOS_IP_Private.h(154): warning:  #2770-D: definition at end of file not followed by a semicolon or a declarator
  }
.\FreeRTOS-Plus-TCP\include\FreeRTOS_IP_Private.h(166): warning:  #2770-D: definition at end of file not followed by a semicolon or a declarator
  }
.\FreeRTOS-Plus-TCP\include\FreeRTOS_IP_Private.h(179): warning:  #2770-D: definition at end of file not followed by a semicolon or a declarator
  }
.\FreeRTOS-Plus-TCP\include\FreeRTOS_IP_Private.h(188): warning:  #2770-D: definition at end of file not followed by a semicolon or a declarator
  }
.\FreeRTOS-Plus-TCP\include\FreeRTOS_IP_Private.h(198): warning:  #2770-D: definition at end of file not followed by a semicolon or a declarator
  }
.\FreeRTOS-Plus-TCP\include\FreeRTOS_IP_Private.h(208): warning:  #2770-D: definition at end of file not followed by a semicolon or a declarator
  }
.\FreeRTOS-Plus-TCP\include\FreeRTOS_IP_Private.h(218): warning:  #2770-D: definition at end of file not followed by a semicolon or a declarator
  }
.\FreeRTOS-Plus-TCP\include\FreeRTOS_IP_Private.h(291): warning:  #2770-D: definition at end of file not followed by a semicolon or a declarator
  }
FreeRTOS-Plus-TCP\source\FreeRTOS_IP.c: 15 warnings, 0 errors
compiling FreeRTOS_Sockets.c...
.\FreeRTOS-Plus-TCP\include\FreeRTOS_IP.h(106): warning:  #2770-D: definition at end of file not followed by a semicolon or a declarator
  }
.\FreeRTOS-Plus-TCP\include\FreeRTOS_IP_Private.h(67): warning:  #2770-D: definition at end of file not followed by a semicolon or a declarator
  }
.\FreeRTOS-Plus-TCP\include\FreeRTOS_IP_Private.h(83): warning:  #2770-D: definition at end of file not followed by a semicolon or a declarator
  }
.\FreeRTOS-Plus-TCP\include\FreeRTOS_IP_Private.h(100): warning:  #2770-D: definition at end of file not followed by a semicolon or a declarator
  }
.\FreeRTOS-Plus-TCP\include\FreeRTOS_IP_Private.h(111): warning:  #2770-D: definition at end of file not followed by a semicolon or a declarator
  }
.\FreeRTOS-Plus-TCP\include\FreeRTOS_IP_Private.h(123): warning:  #2770-D: definition at end of file not followed by a semicolon or a declarator
  }
.\FreeRTOS-Plus-TCP\include\FreeRTOS_IP_Private.h(134): warning:  #2770-D: definition at end of file not followed by a semicolon or a declarator
  }
.\FreeRTOS-Plus-TCP\include\FreeRTOS_IP_Private.h(154): warning:  #2770-D: definition at end of file not followed by a semicolon or a declarator
  }
.\FreeRTOS-Plus-TCP\include\FreeRTOS_IP_Private.h(166): warning:  #2770-D: definition at end of file not followed by a semicolon or a declarator
  }
.\FreeRTOS-Plus-TCP\include\FreeRTOS_IP_Private.h(179): warning:  #2770-D: definition at end of file not followed by a semicolon or a declarator
  }
.\FreeRTOS-Plus-TCP\include\FreeRTOS_IP_Private.h(188): warning:  #2770-D: definition at end of file not followed by a semicolon or a declarator
  }
.\FreeRTOS-Plus-TCP\include\FreeRTOS_IP_Private.h(198): warning:  #2770-D: definition at end of file not followed by a semicolon or a declarator
  }
.\FreeRTOS-Plus-TCP\include\FreeRTOS_IP_Private.h(208): warning:  #2770-D: definition at end of file not followed by a semicolon or a declarator
  }
.\FreeRTOS-Plus-TCP\include\FreeRTOS_IP_Private.h(218): warning:  #2770-D: definition at end of file not followed by a semicolon or a declarator
  }
.\FreeRTOS-Plus-TCP\include\FreeRTOS_IP_Private.h(291): warning:  #2770-D: definition at end of file not followed by a semicolon or a declarator
  }
FreeRTOS-Plus-TCP\source\FreeRTOS_Sockets.c(1640): warning:  #223-D: function "getRNG_value" declared implicitly
  		ulRandomSeed = ipconfigRAND32( );
FreeRTOS-Plus-TCP\source\FreeRTOS_Sockets.c: 16 warnings, 0 errors
compiling FreeRTOSHook.c...
compiling port.c...
compiling FreeRTOS_TCP_WIN.c...
.\FreeRTOS-Plus-TCP\include\FreeRTOS_IP.h(106): warning:  #2770-D: definition at end of file not followed by a semicolon or a declarator
  }
.\FreeRTOS-Plus-TCP\include\FreeRTOS_IP_Private.h(67): warning:  #2770-D: definition at end of file not followed by a semicolon or a declarator
  }
.\FreeRTOS-Plus-TCP\include\FreeRTOS_IP_Private.h(83): warning:  #2770-D: definition at end of file not followed by a semicolon or a declarator
  }
.\FreeRTOS-Plus-TCP\include\FreeRTOS_IP_Private.h(100): warning:  #2770-D: definition at end of file not followed by a semicolon or a declarator
  }
.\FreeRTOS-Plus-TCP\include\FreeRTOS_IP_Private.h(111): warning:  #2770-D: definition at end of file not followed by a semicolon or a declarator
  }
.\FreeRTOS-Plus-TCP\include\FreeRTOS_IP_Private.h(123): warning:  #2770-D: definition at end of file not followed by a semicolon or a declarator
  }
.\FreeRTOS-Plus-TCP\include\FreeRTOS_IP_Private.h(134): warning:  #2770-D: definition at end of file not followed by a semicolon or a declarator
  }
.\FreeRTOS-Plus-TCP\include\FreeRTOS_IP_Private.h(154): warning:  #2770-D: definition at end of file not followed by a semicolon or a declarator
  }
.\FreeRTOS-Plus-TCP\include\FreeRTOS_IP_Private.h(166): warning:  #2770-D: definition at end of file not followed by a semicolon or a declarator
  }
.\FreeRTOS-Plus-TCP\include\FreeRTOS_IP_Private.h(179): warning:  #2770-D: definition at end of file not followed by a semicolon or a declarator
  }
.\FreeRTOS-Plus-TCP\include\FreeRTOS_IP_Private.h(188): warning:  #2770-D: definition at end of file not followed by a semicolon or a declarator
  }
.\FreeRTOS-Plus-TCP\include\FreeRTOS_IP_Private.h(198): warning:  #2770-D: definition at end of file not followed by a semicolon or a declarator
  }
.\FreeRTOS-Plus-TCP\include\FreeRTOS_IP_Private.h(208): warning:  #2770-D: definition at end of file not followed by a semicolon or a declarator
  }
.\FreeRTOS-Plus-TCP\include\FreeRTOS_IP_Private.h(218): warning:  #2770-D: definition at end of file not followed by a semicolon or a declarator
  }
.\FreeRTOS-Plus-TCP\include\FreeRTOS_IP_Private.h(291): warning:  #2770-D: definition at end of file not followed by a semicolon or a declarator
  }
FreeRTOS-Plus-TCP\source\FreeRTOS_TCP_WIN.c: 15 warnings, 0 errors
compiling FreeRTOS_UDP_IP.c...
.\FreeRTOS-Plus-TCP\include\FreeRTOS_IP.h(106): warning:  #2770-D: definition at end of file not followed by a semicolon or a declarator
  }
.\FreeRTOS-Plus-TCP\include\FreeRTOS_IP_Private.h(67): warning:  #2770-D: definition at end of file not followed by a semicolon or a declarator
  }
.\FreeRTOS-Plus-TCP\include\FreeRTOS_IP_Private.h(83): warning:  #2770-D: definition at end of file not followed by a semicolon or a declarator
  }
.\FreeRTOS-Plus-TCP\include\FreeRTOS_IP_Private.h(100): warning:  #2770-D: definition at end of file not followed by a semicolon or a declarator
  }
.\FreeRTOS-Plus-TCP\include\FreeRTOS_IP_Private.h(111): warning:  #2770-D: definition at end of file not followed by a semicolon or a declarator
  }
.\FreeRTOS-Plus-TCP\include\FreeRTOS_IP_Private.h(123): warning:  #2770-D: definition at end of file not followed by a semicolon or a declarator
  }
.\FreeRTOS-Plus-TCP\include\FreeRTOS_IP_Private.h(134): warning:  #2770-D: definition at end of file not followed by a semicolon or a declarator
  }
.\FreeRTOS-Plus-TCP\include\FreeRTOS_IP_Private.h(154): warning:  #2770-D: definition at end of file not followed by a semicolon or a declarator
  }
.\FreeRTOS-Plus-TCP\include\FreeRTOS_IP_Private.h(166): warning:  #2770-D: definition at end of file not followed by a semicolon or a declarator
  }
.\FreeRTOS-Plus-TCP\include\FreeRTOS_IP_Private.h(179): warning:  #2770-D: definition at end of file not followed by a semicolon or a declarator
  }
.\FreeRTOS-Plus-TCP\include\FreeRTOS_IP_Private.h(188): warning:  #2770-D: definition at end of file not followed by a semicolon or a declarator
  }
.\FreeRTOS-Plus-TCP\include\FreeRTOS_IP_Private.h(198): warning:  #2770-D: definition at end of file not followed by a semicolon or a declarator
  }
.\FreeRTOS-Plus-TCP\include\FreeRTOS_IP_Private.h(208): warning:  #2770-D: definition at end of file not followed by a semicolon or a declarator
  }
.\FreeRTOS-Plus-TCP\include\FreeRTOS_IP_Private.h(218): warning:  #2770-D: definition at end of file not followed by a semicolon or a declarator
  }
.\FreeRTOS-Plus-TCP\include\FreeRTOS_IP_Private.h(291): warning:  #2770-D: definition at end of file not followed by a semicolon or a declarator
  }
FreeRTOS-Plus-TCP\source\FreeRTOS_UDP_IP.c: 15 warnings, 0 errors
compiling FreeRTOS_TCP_IP.c...
.\FreeRTOS-Plus-TCP\include\FreeRTOS_IP.h(106): warning:  #2770-D: definition at end of file not followed by a semicolon or a declarator
  }
.\FreeRTOS-Plus-TCP\include\FreeRTOS_IP_Private.h(67): warning:  #2770-D: definition at end of file not followed by a semicolon or a declarator
  }
.\FreeRTOS-Plus-TCP\include\FreeRTOS_IP_Private.h(83): warning:  #2770-D: definition at end of file not followed by a semicolon or a declarator
  }
.\FreeRTOS-Plus-TCP\include\FreeRTOS_IP_Private.h(100): warning:  #2770-D: definition at end of file not followed by a semicolon or a declarator
  }
.\FreeRTOS-Plus-TCP\include\FreeRTOS_IP_Private.h(111): warning:  #2770-D: definition at end of file not followed by a semicolon or a declarator
  }
.\FreeRTOS-Plus-TCP\include\FreeRTOS_IP_Private.h(123): warning:  #2770-D: definition at end of file not followed by a semicolon or a declarator
  }
.\FreeRTOS-Plus-TCP\include\FreeRTOS_IP_Private.h(134): warning:  #2770-D: definition at end of file not followed by a semicolon or a declarator
  }
.\FreeRTOS-Plus-TCP\include\FreeRTOS_IP_Private.h(154): warning:  #2770-D: definition at end of file not followed by a semicolon or a declarator
  }
.\FreeRTOS-Plus-TCP\include\FreeRTOS_IP_Private.h(166): warning:  #2770-D: definition at end of file not followed by a semicolon or a declarator
  }
.\FreeRTOS-Plus-TCP\include\FreeRTOS_IP_Private.h(179): warning:  #2770-D: definition at end of file not followed by a semicolon or a declarator
  }
.\FreeRTOS-Plus-TCP\include\FreeRTOS_IP_Private.h(188): warning:  #2770-D: definition at end of file not followed by a semicolon or a declarator
  }
.\FreeRTOS-Plus-TCP\include\FreeRTOS_IP_Private.h(198): warning:  #2770-D: definition at end of file not followed by a semicolon or a declarator
  }
.\FreeRTOS-Plus-TCP\include\FreeRTOS_IP_Private.h(208): warning:  #2770-D: definition at end of file not followed by a semicolon or a declarator
  }
.\FreeRTOS-Plus-TCP\include\FreeRTOS_IP_Private.h(218): warning:  #2770-D: definition at end of file not followed by a semicolon or a declarator
  }
.\FreeRTOS-Plus-TCP\include\FreeRTOS_IP_Private.h(291): warning:  #2770-D: definition at end of file not followed by a semicolon or a declarator
  }
FreeRTOS-Plus-TCP\source\FreeRTOS_TCP_IP.c: 15 warnings, 0 errors
compiling BufferAllocation_2.c...
.\FreeRTOS-Plus-TCP\include\FreeRTOS_IP.h(106): warning:  #2770-D: definition at end of file not followed by a semicolon or a declarator
  }
.\FreeRTOS-Plus-TCP\include\FreeRTOS_IP_Private.h(67): warning:  #2770-D: definition at end of file not followed by a semicolon or a declarator
  }
.\FreeRTOS-Plus-TCP\include\FreeRTOS_IP_Private.h(83): warning:  #2770-D: definition at end of file not followed by a semicolon or a declarator
  }
.\FreeRTOS-Plus-TCP\include\FreeRTOS_IP_Private.h(100): warning:  #2770-D: definition at end of file not followed by a semicolon or a declarator
  }
.\FreeRTOS-Plus-TCP\include\FreeRTOS_IP_Private.h(111): warning:  #2770-D: definition at end of file not followed by a semicolon or a declarator
  }
.\FreeRTOS-Plus-TCP\include\FreeRTOS_IP_Private.h(123): warning:  #2770-D: definition at end of file not followed by a semicolon or a declarator
  }
.\FreeRTOS-Plus-TCP\include\FreeRTOS_IP_Private.h(134): warning:  #2770-D: definition at end of file not followed by a semicolon or a declarator
  }
.\FreeRTOS-Plus-TCP\include\FreeRTOS_IP_Private.h(154): warning:  #2770-D: definition at end of file not followed by a semicolon or a declarator
  }
.\FreeRTOS-Plus-TCP\include\FreeRTOS_IP_Private.h(166): warning:  #2770-D: definition at end of file not followed by a semicolon or a declarator
  }
.\FreeRTOS-Plus-TCP\include\FreeRTOS_IP_Private.h(179): warning:  #2770-D: definition at end of file not followed by a semicolon or a declarator
  }
.\FreeRTOS-Plus-TCP\include\FreeRTOS_IP_Private.h(188): warning:  #2770-D: definition at end of file not followed by a semicolon or a declarator
  }
.\FreeRTOS-Plus-TCP\include\FreeRTOS_IP_Private.h(198): warning:  #2770-D: definition at end of file not followed by a semicolon or a declarator
  }
.\FreeRTOS-Plus-TCP\include\FreeRTOS_IP_Private.h(208): warning:  #2770-D: definition at end of file not followed by a semicolon or a declarator
  }
.\FreeRTOS-Plus-TCP\include\FreeRTOS_IP_Private.h(218): warning:  #2770-D: definition at end of file not followed by a semicolon or a declarator
  }
.\FreeRTOS-Plus-TCP\include\FreeRTOS_IP_Private.h(291): warning:  #2770-D: definition at end of file not followed by a semicolon or a declarator
  }
FreeRTOS-Plus-TCP\BufferManagement\BufferAllocation_2.c: 15 warnings, 0 errors
compiling LAN8720.c...
compiling stm32f4xx_it.c...
compiling mQueue.c...
compiling FreeRTOSIPHook.c...
.\FreeRTOS-Plus-TCP\include\FreeRTOS_IP.h(106): warning:  #2770-D: definition at end of file not followed by a semicolon or a declarator
  }
.\FreeRTOS-Plus-TCP\include\FreeRTOS_IP_Private.h(67): warning:  #2770-D: definition at end of file not followed by a semicolon or a declarator
  }
.\FreeRTOS-Plus-TCP\include\FreeRTOS_IP_Private.h(83): warning:  #2770-D: definition at end of file not followed by a semicolon or a declarator
  }
.\FreeRTOS-Plus-TCP\include\FreeRTOS_IP_Private.h(100): warning:  #2770-D: definition at end of file not followed by a semicolon or a declarator
  }
.\FreeRTOS-Plus-TCP\include\FreeRTOS_IP_Private.h(111): warning:  #2770-D: definition at end of file not followed by a semicolon or a declarator
  }
.\FreeRTOS-Plus-TCP\include\FreeRTOS_IP_Private.h(123): warning:  #2770-D: definition at end of file not followed by a semicolon or a declarator
  }
.\FreeRTOS-Plus-TCP\include\FreeRTOS_IP_Private.h(134): warning:  #2770-D: definition at end of file not followed by a semicolon or a declarator
  }
.\FreeRTOS-Plus-TCP\include\FreeRTOS_IP_Private.h(154): warning:  #2770-D: definition at end of file not followed by a semicolon or a declarator
  }
.\FreeRTOS-Plus-TCP\include\FreeRTOS_IP_Private.h(166): warning:  #2770-D: definition at end of file not followed by a semicolon or a declarator
  }
.\FreeRTOS-Plus-TCP\include\FreeRTOS_IP_Private.h(179): warning:  #2770-D: definition at end of file not followed by a semicolon or a declarator
  }
.\FreeRTOS-Plus-TCP\include\FreeRTOS_IP_Private.h(188): warning:  #2770-D: definition at end of file not followed by a semicolon or a declarator
  }
.\FreeRTOS-Plus-TCP\include\FreeRTOS_IP_Private.h(198): warning:  #2770-D: definition at end of file not followed by a semicolon or a declarator
  }
.\FreeRTOS-Plus-TCP\include\FreeRTOS_IP_Private.h(208): warning:  #2770-D: definition at end of file not followed by a semicolon or a declarator
  }
.\FreeRTOS-Plus-TCP\include\FreeRTOS_IP_Private.h(218): warning:  #2770-D: definition at end of file not followed by a semicolon or a declarator
  }
.\FreeRTOS-Plus-TCP\include\FreeRTOS_IP_Private.h(291): warning:  #2770-D: definition at end of file not followed by a semicolon or a declarator
  }
FreeRTOS-Plus-TCP\FreeRTOSIPHook.c(40): warning:  #174-D: expression has no effect
    mTcpIpDebug("vApplicationIPNetworkEventHook\r\n");
FreeRTOS-Plus-TCP\FreeRTOSIPHook.c(100): warning:  #174-D: expression has no effect
  		    mTcpIpDebug("发送网卡数据到TCP/IP堆栈成功\r\n");
FreeRTOS-Plus-TCP\FreeRTOSIPHook.c(105): warning:  #174-D: expression has no effect
  		  mTcpIpDebug("不处理的以太网数据\r\n");
FreeRTOS-Plus-TCP\FreeRTOSIPHook.c(141): warning:  #550-D: variable "notifyVal"  was set but never used
  	u32 notifyVal = 0;
FreeRTOS-Plus-TCP\FreeRTOSIPHook.c: 19 warnings, 0 errors
compiling main.c...
.\FreeRTOS-Plus-TCP\include\FreeRTOS_IP.h(106): warning:  #2770-D: definition at end of file not followed by a semicolon or a declarator
  }
User\main.c: 1 warning, 0 errors
compiling stm32f4x7_eth.c...
compiling public.c...
linking...
Program Size: Code=29160 RO-data=564 RW-data=264 ZI-data=148616  
FromELF: creating hex file...
".\Objects\STM32F407-FreeRTOS TCPIP.axf" - 0 Error(s), 174 Warning(s).

<h2>Software Packages used:</h2>

Package Vendor: Keil
                http://www.keil.com/pack/Keil.STM32F4xx_DFP.2.11.0.pack
                Keil.STM32F4xx_DFP.2.11.0
                STMicroelectronics STM32F4 Series Device Support, Drivers and Examples

<h2>Collection of Component include folders:</h2>
  .\RTE\_Target
  D:\1.software\Keil_v5\ARM\PACK\Keil\STM32F4xx_DFP\2.11.0\Drivers\CMSIS\Device\ST\STM32F4xx\Include

<h2>Collection of Component Files used:</h2>
Build Time Elapsed:  00:00:09
</pre>
</body>
</html>
