Component: ARM Compiler 5.06 update 6 (build 750) Tool: armlink [4d35ed]

==============================================================================

Section Cross References

    system_stm32f4xx.o(i.SystemCoreClockUpdate) refers to system_stm32f4xx.o(.data) for SystemCoreClock
    system_stm32f4xx.o(i.SystemInit) refers to system_stm32f4xx.o(i.SetSysClock) for SetSysClock
    startup_stm32f40_41xxx.o(RESET) refers to startup_stm32f40_41xxx.o(STACK) for __initial_sp
    startup_stm32f40_41xxx.o(RESET) refers to startup_stm32f40_41xxx.o(.text) for Reset_Handler
    startup_stm32f40_41xxx.o(RESET) refers to stm32f4xx_it.o(i.NMI_Handler) for NMI_Handler
    startup_stm32f40_41xxx.o(RESET) refers to stm32f4xx_it.o(i.HardFault_Handler) for HardFault_Handler
    startup_stm32f40_41xxx.o(RESET) refers to stm32f4xx_it.o(i.MemManage_Handler) for MemManage_Handler
    startup_stm32f40_41xxx.o(RESET) refers to stm32f4xx_it.o(i.BusFault_Handler) for BusFault_Handler
    startup_stm32f40_41xxx.o(RESET) refers to stm32f4xx_it.o(i.UsageFault_Handler) for UsageFault_Handler
    startup_stm32f40_41xxx.o(RESET) refers to port.o(.emb_text) for SVC_Handler
    startup_stm32f40_41xxx.o(RESET) refers to stm32f4xx_it.o(i.DebugMon_Handler) for DebugMon_Handler
    startup_stm32f40_41xxx.o(RESET) refers to port.o(i.SysTick_Handler) for SysTick_Handler
    startup_stm32f40_41xxx.o(RESET) refers to public.o(i.TIM2_IRQHandler) for TIM2_IRQHandler
    startup_stm32f40_41xxx.o(RESET) refers to public.o(i.TIM3_IRQHandler) for TIM3_IRQHandler
    startup_stm32f40_41xxx.o(RESET) refers to public.o(i.TIM4_IRQHandler) for TIM4_IRQHandler
    startup_stm32f40_41xxx.o(RESET) refers to public.o(i.USART1_IRQHandler) for USART1_IRQHandler
    startup_stm32f40_41xxx.o(RESET) refers to public.o(i.USART2_IRQHandler) for USART2_IRQHandler
    startup_stm32f40_41xxx.o(RESET) refers to public.o(i.USART3_IRQHandler) for USART3_IRQHandler
    startup_stm32f40_41xxx.o(RESET) refers to public.o(i.TIM5_IRQHandler) for TIM5_IRQHandler
    startup_stm32f40_41xxx.o(RESET) refers to public.o(i.UART4_IRQHandler) for UART4_IRQHandler
    startup_stm32f40_41xxx.o(RESET) refers to public.o(i.UART5_IRQHandler) for UART5_IRQHandler
    startup_stm32f40_41xxx.o(RESET) refers to freertosiphook.o(i.ETH_IRQHandler) for ETH_IRQHandler
    startup_stm32f40_41xxx.o(RESET) refers to public.o(i.USART6_IRQHandler) for USART6_IRQHandler
    startup_stm32f40_41xxx.o(.text) refers to system_stm32f4xx.o(i.SystemInit) for SystemInit
    startup_stm32f40_41xxx.o(.text) refers to entry.o(.ARM.Collect$$$$00000000) for __main
    stm32f4xx_adc.o(i.ADC_DeInit) refers to stm32f4xx_rcc.o(i.RCC_APB2PeriphResetCmd) for RCC_APB2PeriphResetCmd
    stm32f4xx_can.o(i.CAN_DeInit) refers to stm32f4xx_rcc.o(i.RCC_APB1PeriphResetCmd) for RCC_APB1PeriphResetCmd
    stm32f4xx_can.o(i.CAN_GetITStatus) refers to stm32f4xx_can.o(i.CheckITStatus) for CheckITStatus
    stm32f4xx_cryp.o(i.CRYP_DeInit) refers to stm32f4xx_rcc.o(i.RCC_AHB2PeriphResetCmd) for RCC_AHB2PeriphResetCmd
    stm32f4xx_cryp_aes.o(i.CRYP_AES_CBC) refers to stm32f4xx_cryp.o(i.CRYP_KeyStructInit) for CRYP_KeyStructInit
    stm32f4xx_cryp_aes.o(i.CRYP_AES_CBC) refers to stm32f4xx_cryp.o(i.CRYP_FIFOFlush) for CRYP_FIFOFlush
    stm32f4xx_cryp_aes.o(i.CRYP_AES_CBC) refers to stm32f4xx_cryp.o(i.CRYP_Init) for CRYP_Init
    stm32f4xx_cryp_aes.o(i.CRYP_AES_CBC) refers to stm32f4xx_cryp.o(i.CRYP_KeyInit) for CRYP_KeyInit
    stm32f4xx_cryp_aes.o(i.CRYP_AES_CBC) refers to stm32f4xx_cryp.o(i.CRYP_Cmd) for CRYP_Cmd
    stm32f4xx_cryp_aes.o(i.CRYP_AES_CBC) refers to stm32f4xx_cryp.o(i.CRYP_GetFlagStatus) for CRYP_GetFlagStatus
    stm32f4xx_cryp_aes.o(i.CRYP_AES_CBC) refers to stm32f4xx_cryp.o(i.CRYP_IVInit) for CRYP_IVInit
    stm32f4xx_cryp_aes.o(i.CRYP_AES_CBC) refers to stm32f4xx_cryp.o(i.CRYP_GetCmdStatus) for CRYP_GetCmdStatus
    stm32f4xx_cryp_aes.o(i.CRYP_AES_CBC) refers to stm32f4xx_cryp.o(i.CRYP_DataIn) for CRYP_DataIn
    stm32f4xx_cryp_aes.o(i.CRYP_AES_CBC) refers to stm32f4xx_cryp.o(i.CRYP_DataOut) for CRYP_DataOut
    stm32f4xx_cryp_aes.o(i.CRYP_AES_CCM) refers to stm32f4xx_cryp.o(i.CRYP_KeyStructInit) for CRYP_KeyStructInit
    stm32f4xx_cryp_aes.o(i.CRYP_AES_CCM) refers to stm32f4xx_cryp.o(i.CRYP_FIFOFlush) for CRYP_FIFOFlush
    stm32f4xx_cryp_aes.o(i.CRYP_AES_CCM) refers to stm32f4xx_cryp.o(i.CRYP_KeyInit) for CRYP_KeyInit
    stm32f4xx_cryp_aes.o(i.CRYP_AES_CCM) refers to stm32f4xx_cryp.o(i.CRYP_IVInit) for CRYP_IVInit
    stm32f4xx_cryp_aes.o(i.CRYP_AES_CCM) refers to stm32f4xx_cryp.o(i.CRYP_Init) for CRYP_Init
    stm32f4xx_cryp_aes.o(i.CRYP_AES_CCM) refers to stm32f4xx_cryp.o(i.CRYP_PhaseConfig) for CRYP_PhaseConfig
    stm32f4xx_cryp_aes.o(i.CRYP_AES_CCM) refers to stm32f4xx_cryp.o(i.CRYP_DataIn) for CRYP_DataIn
    stm32f4xx_cryp_aes.o(i.CRYP_AES_CCM) refers to stm32f4xx_cryp.o(i.CRYP_Cmd) for CRYP_Cmd
    stm32f4xx_cryp_aes.o(i.CRYP_AES_CCM) refers to stm32f4xx_cryp.o(i.CRYP_GetCmdStatus) for CRYP_GetCmdStatus
[...]
    .data                                    0x20000000   Section       20  system_stm32f4xx.o(.data)
    .data                                    0x20000014   Section       16  stm32f4xx_rcc.o(.data)
    APBAHBPrescTable                         0x20000014   Data          16  stm32f4xx_rcc.o(.data)
    .data                                    0x20000024   Section       60  tasks.o(.data)
    pxDelayedTaskList                        0x20000028   Data           4  tasks.o(.data)
    pxOverflowDelayedTaskList                0x2000002c   Data           4  tasks.o(.data)
    uxDeletedTasksWaitingCleanUp             0x20000030   Data           4  tasks.o(.data)
    uxCurrentNumberOfTasks                   0x20000034   Data           4  tasks.o(.data)
    xTickCount                               0x20000038   Data           4  tasks.o(.data)
    uxTopReadyPriority                       0x2000003c   Data           4  tasks.o(.data)
    xSchedulerRunning                        0x20000040   Data           4  tasks.o(.data)
    uxPendedTicks                            0x20000044   Data           4  tasks.o(.data)
    xYieldPending                            0x20000048   Data           4  tasks.o(.data)
    xNumOfOverflows                          0x2000004c   Data           4  tasks.o(.data)
    uxTaskNumber                             0x20000050   Data           4  tasks.o(.data)
    xNextTaskUnblockTime                     0x20000054   Data           4  tasks.o(.data)
    xIdleTaskHandle                          0x20000058   Data           4  tasks.o(.data)
    uxSchedulerSuspended                     0x2000005c   Data           4  tasks.o(.data)
    .data                                    0x20000060   Section       24  heap_5.o(.data)
    xStart                                   0x20000060   Data           8  heap_5.o(.data)
    pxEnd                                    0x20000068   Data           4  heap_5.o(.data)
    xFreeBytesRemaining                      0x2000006c   Data           4  heap_5.o(.data)
    xMinimumEverFreeBytesRemaining           0x20000070   Data           4  heap_5.o(.data)
    xBlockAllocatedBit                       0x20000074   Data           4  heap_5.o(.data)
    .data                                    0x20000078   Section        4  port.o(.data)
    uxCriticalNesting                        0x20000078   Data           4  port.o(.data)
    .data                                    0x2000007c   Section        4  freertos_arp.o(.data)
    xLastGratuitousARPTime                   0x2000007c   Data           4  freertos_arp.o(.data)
    .data                                    0x20000080   Section       36  freertos_ip.o(.data)
    xNetworkDownEventPending                 0x20000088   Data           4  freertos_ip.o(.data)
    xIPTaskHandle                            0x2000008c   Data           4  freertos_ip.o(.data)
    xProcessedTCPMessage                     0x20000090   Data           4  freertos_ip.o(.data)
    xNetworkUp                               0x20000094   Data           4  freertos_ip.o(.data)
    xIPTaskInitialised                       0x20000098   Data           4  freertos_ip.o(.data)
    uxQueueMinimumSpace                      0x2000009c   Data           4  freertos_ip.o(.data)
    xCallEventHook                           0x200000a0   Data           4  freertos_ip.o(.data)
    .data                                    0x200000a4   Section        4  freertos_sockets.o(.data)
    xLastTime                                0x200000a4   Data           4  freertos_sockets.o(.data)
    .data                                    0x200000a8   Section        4  freertos_tcp_win.o(.data)
    .data                                    0x200000ac   Section       24  freertos_udp_ip.o(.data)
    .data                                    0x200000c4   Section        8  bufferallocation_2.o(.data)
    uxMinimumFreeNetworkBuffers              0x200000c4   Data           4  bufferallocation_2.o(.data)
    xNetworkBufferSemaphore                  0x200000c8   Data           4  bufferallocation_2.o(.data)
    .data                                    0x200000cc   Section        8  freertosiphook.o(.data)
    .data                                    0x200000d4   Section       16  stm32f4x7_eth.o(.data)
    .data                                    0x200000e4   Section       32  lan8720.o(.data)
    .data                                    0x20000104   Section        4  stdout.o(.data)
    .bss                                     0x20000108   Section      200  tasks.o(.bss)
    pxReadyTasksLists                        0x20000108   Data         100  tasks.o(.bss)
    xDelayedTaskList1                        0x2000016c   Data          20  tasks.o(.bss)
    xDelayedTaskList2                        0x20000180   Data          20  tasks.o(.bss)
    xPendingReadyList                        0x20000194   Data          20  tasks.o(.bss)
    xTasksWaitingTermination                 0x200001a8   Data          20  tasks.o(.bss)
    xSuspendedTaskList                       0x200001bc   Data          20  tasks.o(.bss)
    .bss                                     0x200001d0   Section    65536  heap_5.o(.bss)
    hange_vHeap_2                            0x200001d0   Data       65536  heap_5.o(.bss)
    .bss                                     0x200101d0   Section      192  freertos_arp.o(.bss)
    xARPCache                                0x200101d0   Data         192  freertos_arp.o(.bss)
    .bss                                     0x20010290   Section       36  freertos_dhcp.o(.bss)
    xDHCPData                                0x20010290   Data          36  freertos_dhcp.o(.bss)
    .bss                                     0x200102b4   Section      100  freertos_ip.o(.bss)
    xARPTimer                                0x200102dc   Data          20  freertos_ip.o(.bss)
    xDHCPTimer                               0x200102f0   Data          20  freertos_ip.o(.bss)
    xTCPTimer                                0x20010304   Data          20  freertos_ip.o(.bss)
    .bss                                     0x20010318   Section       40  freertos_sockets.o(.bss)
    .bss                                     0x20010340   Section      380  bufferallocation_2.o(.bss)
    xFreeBuffersList                         0x20010340   Data          20  bufferallocation_2.o(.bss)
    xNetworkBufferDescriptors                0x20010354   Data         360  bufferallocation_2.o(.bss)
    .bss                                     0x200104bc   Section    15572  stm32f4x7_eth.o(.bss)
    STACK                                    0x20014190   Section     1024  startup_stm32f40_41xxx.o(STACK)

    Global Symbols

    Symbol Name                              Value     Ov Type        Size  Object(Section)

    BuildAttributes$$THM_ISAv4$E$P$D$K$B$S$7EM$VFPi3$EXTD16$VFPS$VFMA$PE$A:L22UL41UL21$X:L11$S22US41US21$IEEE1$IW$USESV6$~STKCKD$USESV7$~SHL$OSPACE$ROPI$EBA8$MICROLIB$REQ8$PRES8$EABIv2 0x00000000   Number         0  anon$$obj.o ABSOLUTE
    __ARM_use_no_argv                        0x00000000   Number         0  main.o ABSOLUTE
    _printf_a                                0x00000000   Number         0  stubs.o ABSOLUTE
    _printf_c                                0x00000000   Number         0  stubs.o ABSOLUTE
    _printf_charcount                        0x00000000   Number         0  stubs.o ABSOLUTE
    _printf_d                                0x00000000   Number         0  stubs.o ABSOLUTE
    _printf_e                                0x00000000   Number         0  stubs.o ABSOLUTE
    _printf_f                                0x00000000   Number         0  stubs.o ABSOLUTE
    _printf_flags                            0x00000000   Number         0  stubs.o ABSOLUTE
    _printf_fp_dec                           0x00000000   Number         0  stubs.o ABSOLUTE
    _printf_fp_hex                           0x00000000   Number         0  stubs.o ABSOLUTE
    _printf_g                                0x00000000   Number         0  stubs.o ABSOLUTE
    _printf_i                                0x00000000   Number         0  stubs.o ABSOLUTE
    _printf_int_dec                          0x00000000   Number         0  stubs.o ABSOLUTE
    _printf_l                                0x00000000   Number         0  stubs.o ABSOLUTE
    _printf_lc                               0x00000000   Number         0  stubs.o ABSOLUTE
    _printf_ll                               0x00000000   Number         0  stubs.o ABSOLUTE
    _printf_lld                              0x00000000   Number         0  stubs.o ABSOLUTE
    _printf_lli                              0x00000000   Number         0  stubs.o ABSOLUTE
    _printf_llo                              0x00000000   Number         0  stubs.o ABSOLUTE
    _printf_llu                              0x00000000   Number         0  stubs.o ABSOLUTE
    _printf_llx                              0x00000000   Number         0  stubs.o ABSOLUTE
    _printf_longlong_dec                     0x00000000   Number         0  stubs.o ABSOLUTE
    _printf_longlong_hex                     0x00000000   Number         0  stubs.o ABSOLUTE
    _printf_longlong_oct                     0x00000000   Number         0  stubs.o ABSOLUTE
    _printf_ls                               0x00000000   Number         0  stubs.o ABSOLUTE
    _printf_mbtowc                           0x00000000   Number         0  stubs.o ABSOLUTE
    _printf_n                                0x00000000   Number         0  stubs.o ABSOLUTE
    _printf_o                                0x00000000   Number         0  stubs.o ABSOLUTE
    _printf_p                                0x00000000   Number         0  stubs.o ABSOLUTE
    _printf_percent                          0x00000000   Number         0  stubs.o ABSOLUTE
    _printf_pre_padding                      0x00000000   Number         0  stubs.o ABSOLUTE
    _printf_return_value                     0x00000000   Number         0  stubs.o ABSOLUTE
    _printf_s                                0x00000000   Number         0  stubs.o ABSOLUTE
    _printf_sizespec                         0x00000000   Number         0  stubs.o ABSOLUTE
    _printf_str                              0x00000000   Number         0  stubs.o ABSOLUTE
    _printf_truncate_signed                  0x00000000   Number         0  stubs.o ABSOLUTE
    _printf_truncate_unsigned                0x00000000   Number         0  stubs.o ABSOLUTE
    _printf_u                                0x00000000   Number         0  stubs.o ABSOLUTE
    _printf_wc                               0x00000000   Number         0  stubs.o ABSOLUTE
    _printf_wctomb                           0x00000000   Number         0  stubs.o ABSOLUTE
    _printf_widthprec                        0x00000000   Number         0  stubs.o ABSOLUTE
    _printf_x                                0x00000000   Number         0  stubs.o ABSOLUTE
    __cpp_initialize__aeabi_                  - Undefined Weak Reference
    __cxa_finalize                            - Undefined Weak Reference
    __decompress                              - Undefined Weak Reference
    _clock_init                               - Undefined Weak Reference
    _microlib_exit                            - Undefined Weak Reference
    __Vectors_Size                           0x00000188   Number         0  startup_stm32f40_41xxx.o ABSOLUTE
    __Vectors                                0x08000000   Data           4  startup_stm32f40_41xxx.o(RESET)
    __Vectors_End                            0x08000188   Data           0  startup_stm32f40_41xxx.o(RESET)
    __main                                   0x08000189   Thumb Code     0  entry.o(.ARM.Collect$$$$00000000)
    _main_stk                                0x08000189   Thumb Code     0  entry2.o(.ARM.Collect$$$$00000001)
    _main_scatterload                        0x0800018d   Thumb Code     0  entry5.o(.ARM.Collect$$$$00000004)
    __main_after_scatterload                 0x08000191   Thumb Code     0  entry5.o(.ARM.Collect$$$$00000004)
    _main_clock                              0x08000191   Thumb Code     0  entry7b.o(.ARM.Collect$$$$00000008)
    _main_cpp_init                           0x08000191   Thumb Code     0  entry8b.o(.ARM.Collect$$$$0000000A)
    _main_init                               0x08000191   Thumb Code     0  entry9a.o(.ARM.Collect$$$$0000000B)
    __rt_final_cpp                           0x08000199   Thumb Code     0  entry10a.o(.ARM.Collect$$$$0000000D)
    __rt_final_exit                          0x08000199   Thumb Code     0  entry11a.o(.ARM.Collect$$$$0000000F)
    SVC_Handler                              0x0800019d   Thumb Code    28  port.o(.emb_text)
    __asm___6_port_c_39a90d8d__prvStartFirstTask 0x080001bd   Thumb Code    36  port.o(.emb_text)
    __asm___6_port_c_39a90d8d__prvEnableVFP  0x080001e5   Thumb Code    16  port.o(.emb_text)
    PendSV_Handler                           0x080001f9   Thumb Code    88  port.o(.emb_text)
    vPortGetIPSR                             0x08000255   Thumb Code     6  port.o(.emb_text)
    Reset_Handler                            0x0800025d   Thumb Code     8  startup_stm32f40_41xxx.o(.text)
    ADC_IRQHandler                           0x08000277   Thumb Code     0  startup_stm32f40_41xxx.o(.text)
    CAN1_RX0_IRQHandler                      0x08000277   Thumb Code     0  startup_stm32f40_41xxx.o(.text)
    CAN1_RX1_IRQHandler                      0x08000277   Thumb Code     0  startup_stm32f40_41xxx.o(.text)
    CAN1_SCE_IRQHandler                      0x08000277   Thumb Code     0  startup_stm32f40_41xxx.o(.text)
    CAN1_TX_IRQHandler                       0x08000277   Thumb Code     0  startup_stm32f40_41xxx.o(.text)
    CAN2_RX0_IRQHandler                      0x08000277   Thumb Code     0  startup_stm32f40_41xxx.o(.text)
    CAN2_RX1_IRQHandler                      0x08000277   Thumb Code     0  startup_stm32f40_41xxx.o(.text)
    CAN2_SCE_IRQHandler                      0x08000277   Thumb Code     0  startup_stm32f40_41xxx.o(.text)
    CAN2_TX_IRQHandler                       0x08000277   Thumb Code     0  startup_stm32f40_41xxx.o(.text)
    CRYP_IRQHandler                          0x08000277   Thumb Code     0  startup_stm32f40_41xxx.o(.text)
    DCMI_IRQHandler                          0x08000277   Thumb Code     0  startup_stm32f40_41xxx.o(.text)
    DMA1_Stream0_IRQHandler                  0x08000277   Thumb Code     0  startup_stm32f40_41xxx.o(.text)
    DMA1_Stream1_IRQHandler                  0x08000277   Thumb Code     0  startup_stm32f40_41xxx.o(.text)
    DMA1_Stream2_IRQHandler                  0x08000277   Thumb Code     0  startup_stm32f40_41xxx.o(.text)
    DMA1_Stream3_IRQHandler                  0x08000277   Thumb Code     0  startup_stm32f40_41xxx.o(.text)
    DMA1_Stream4_IRQHandler                  0x08000277   Thumb Code     0  startup_stm32f40_41xxx.o(.text)
    DMA1_Stream5_IRQHandler                  0x08000277   Thumb Code     0  startup_stm32f40_41xxx.o(.text)
    DMA1_Stream6_IRQHandler                  0x08000277   Thumb Code     0  startup_stm32f40_41xxx.o(.text)
    DMA1_Stream7_IRQHandler                  0x08000277   Thumb Code     0  startup_stm32f40_41xxx.o(.text)
    DMA2_Stream0_IRQHandler                  0x08000277   Thumb Code     0  startup_stm32f40_41xxx.o(.text)
    DMA2_Stream1_IRQHandler                  0x08000277   Thumb Code     0  startup_stm32f40_41xxx.o(.text)
    DMA2_Stream2_IRQHandler                  0x08000277   Thumb Code     0  startup_stm32f40_41xxx.o(.text)
    DMA2_Stream3_IRQHandler                  0x08000277   Thumb Code     0  startup_stm32f40_41xxx.o(.text)
    DMA2_Stream4_IRQHandler                  0x08000277   Thumb Code     0  startup_stm32f40_41xxx.o(.text)
    DMA2_Stream5_IRQHandler                  0x08000277   Thumb Code     0  startup_stm32f40_41xxx.o(.text)
    DMA2_Stream6_IRQHandler                  0x08000277   Thumb Code     0  startup_stm32f40_41xxx.o(.text)
    DMA2_Stream7_IRQHandler                  0x08000277   Thumb Code     0  startup_stm32f40_41xxx.o(.text)
    ETH_WKUP_IRQHandler                      0x08000277   Thumb Code     0  startup_stm32f40_41xxx.o(.text)
    EXTI0_IRQHandler                         0x08000277   Thumb Code     0  startup_stm32f40_41xxx.o(.text)
    EXTI15_10_IRQHandler                     0x08000277   Thumb Code     0  startup_stm32f40_41xxx.o(.text)
    EXTI1_IRQHandler                         0x08000277   Thumb Code     0  startup_stm32f40_41xxx.o(.text)
    EXTI2_IRQHandler                         0x08000277   Thumb Code     0  startup_stm32f40_41xxx.o(.text)
    EXTI3_IRQHandler                         0x08000277   Thumb Code     0  startup_stm32f40_41xxx.o(.text)
    EXTI4_IRQHandler                         0x08000277   Thumb Code     0  startup_stm32f40_41xxx.o(.text)
    EXTI9_5_IRQHandler                       0x08000277   Thumb Code     0  startup_stm32f40_41xxx.o(.text)
    FLASH_IRQHandler                         0x08000277   Thumb Code     0  startup_stm32f40_41xxx.o(.text)
    FPU_IRQHandler                           0x08000277   Thumb Code     0  startup_stm32f40_41xxx.o(.text)
    FSMC_IRQHandler                          0x08000277   Thumb Code     0  startup_stm32f40_41xxx.o(.text)
    HASH_RNG_IRQHandler                      0x08000277   Thumb Code     0  startup_stm32f40_41xxx.o(.text)
    I2C1_ER_IRQHandler                       0x08000277   Thumb Code     0  startup_stm32f40_41xxx.o(.text)
    I2C1_EV_IRQHandler                       0x08000277   Thumb Code     0  startup_stm32f40_41xxx.o(.text)
    I2C2_ER_IRQHandler                       0x08000277   Thumb Code     0  startup_stm32f40_41xxx.o(.text)
    I2C2_EV_IRQHandler                       0x08000277   Thumb Code     0  startup_stm32f40_41xxx.o(.text)
    I2C3_ER_IRQHandler                       0x08000277   Thumb Code     0  startup_stm32f40_41xxx.o(.text)
    I2C3_EV_IRQHandler                       0x08000277   Thumb Code     0  startup_stm32f40_41xxx.o(.text)
    OTG_FS_IRQHandler                        0x08000277   Thumb Code     0  startup_stm32f40_41xxx.o(.text)
    OTG_FS_WKUP_IRQHandler                   0x08000277   Thumb Code     0  startup_stm32f40_41xxx.o(.text)
    OTG_HS_EP1_IN_IRQHandler                 0x08000277   Thumb Code     0  startup_stm32f40_41xxx.o(.text)
    OTG_HS_EP1_OUT_IRQHandler                0x08000277   Thumb Code     0  startup_stm32f40_41xxx.o(.text)
    OTG_HS_IRQHandler                        0x08000277   Thumb Code     0  startup_stm32f40_41xxx.o(.text)
    OTG_HS_WKUP_IRQHandler                   0x08000277   Thumb Code     0  startup_stm32f40_41xxx.o(.text)
    PVD_IRQHandler                           0x08000277   Thumb Code     0  startup_stm32f40_41xxx.o(.text)
    RCC_IRQHandler                           0x08000277   Thumb Code     0  startup_stm32f40_41xxx.o(.text)
    RTC_Alarm_IRQHandler                     0x08000277   Thumb Code     0  startup_stm32f40_41xxx.o(.text)
    RTC_WKUP_IRQHandler                      0x08000277   Thumb Code     0  startup_stm32f40_41xxx.o(.text)
    SDIO_IRQHandler                          0x08000277   Thumb Code     0  startup_stm32f40_41xxx.o(.text)
    SPI1_IRQHandler                          0x08000277   Thumb Code     0  startup_stm32f40_41xxx.o(.text)
    SPI2_IRQHandler                          0x08000277   Thumb Code     0  startup_stm32f40_41xxx.o(.text)
    SPI3_IRQHandler                          0x08000277   Thumb Code     0  startup_stm32f40_41xxx.o(.text)
    TAMP_STAMP_IRQHandler                    0x08000277   Thumb Code     0  startup_stm32f40_41xxx.o(.text)
    TIM1_BRK_TIM9_IRQHandler                 0x08000277   Thumb Code     0  startup_stm32f40_41xxx.o(.text)
    TIM1_CC_IRQHandler                       0x08000277   Thumb Code     0  startup_stm32f40_41xxx.o(.text)
    TIM1_TRG_COM_TIM11_IRQHandler            0x08000277   Thumb Code     0  startup_stm32f40_41xxx.o(.text)
    TIM1_UP_TIM10_IRQHandler                 0x08000277   Thumb Code     0  startup_stm32f40_41xxx.o(.text)
    TIM6_DAC_IRQHandler                      0x08000277   Thumb Code     0  startup_stm32f40_41xxx.o(.text)
    TIM7_IRQHandler                          0x08000277   Thumb Code     0  startup_stm32f40_41xxx.o(.text)
    TIM8_BRK_TIM12_IRQHandler                0x08000277   Thumb Code     0  startup_stm32f40_41xxx.o(.text)
    TIM8_CC_IRQHandler                       0x08000277   Thumb Code     0  startup_stm32f40_41xxx.o(.text)
    TIM8_TRG_COM_TIM14_IRQHandler            0x08000277   Thumb Code     0  startup_stm32f40_41xxx.o(.text)
    TIM8_UP_TIM13_IRQHandler                 0x08000277   Thumb Code     0  startup_stm32f40_41xxx.o(.text)
    WWDG_IRQHandler                          0x08000277   Thumb Code     0  startup_stm32f40_41xxx.o(.text)
    ___aeabi_memcpy8$move                    0x08000281   Thumb Code     0  memmovea.o(.text)
    __aeabi_memcpy                           0x08000281   Thumb Code    64  memmovea.o(.text)
    __aeabi_memcpy4                          0x08000281   Thumb Code     0  memmovea.o(.text)
    __aeabi_memmove                          0x08000281   Thumb Code     0  memmovea.o(.text)
    __aeabi_memmove4                         0x08000281   Thumb Code     0  memmovea.o(.text)
    __aeabi_memmove8                         0x08000281   Thumb Code     0  memmovea.o(.text)
    __aeabi_memset                           0x080002c1   Thumb Code    14  memseta.o(.text)
    __aeabi_memset4                          0x080002c1   Thumb Code     0  memseta.o(.text)
    __aeabi_memset8                          0x080002c1   Thumb Code     0  memseta.o(.text)
    __aeabi_memclr                           0x080002cf   Thumb Code     4  memseta.o(.text)
    __aeabi_memclr4                          0x080002cf   Thumb Code     0  memseta.o(.text)
    __aeabi_memclr8                          0x080002cf   Thumb Code     0  memseta.o(.text)
    _memset$wrapper                          0x080002d3   Thumb Code    18  memseta.o(.text)
    memcmp                                   0x080002e5   Thumb Code    26  memcmp.o(.text)
    __scatterload                            0x08000301   Thumb Code    28  init.o(.text)
    __scatterload_rt2                        0x08000301   Thumb Code     0  init.o(.text)
    BusFault_Handler                         0x08000325   Thumb Code     4  stm32f4xx_it.o(i.BusFault_Handler)
    DebugMon_Handler                         0x08000329   Thumb Code     2  stm32f4xx_it.o(i.DebugMon_Handler)
    ETH_DMAClearITPendingBit                 0x0800034d   Thumb Code     6  stm32f4x7_eth.o(i.ETH_DMAClearITPendingBit)
    ETH_DMAITConfig                          0x08000359   Thumb Code    26  stm32f4x7_eth.o(i.ETH_DMAITConfig)
    ETH_DMAReceptionCmd                      0x08000379   Thumb Code    30  stm32f4x7_eth.o(i.ETH_DMAReceptionCmd)
    ETH_DMARxDescChainInit                   0x0800039d   Thumb Code    82  stm32f4x7_eth.o(i.ETH_DMARxDescChainInit)
    ETH_DMATransmissionCmd                   0x08000401   Thumb Code    30  stm32f4x7_eth.o(i.ETH_DMATransmissionCmd)
    ETH_DMATxDescChainInit                   0x08000425   Thumb Code    70  stm32f4x7_eth.o(i.ETH_DMATxDescChainInit)
    ETH_DMATxDescChecksumInsertionConfig     0x08000475   Thumb Code     8  stm32f4x7_eth.o(i.ETH_DMATxDescChecksumInsertionConfig)
    ETH_DeInit                               0x0800047d   Thumb Code    22  stm32f4x7_eth.o(i.ETH_DeInit)
    ETH_FlushTransmitFIFO                    0x080004b1   Thumb Code    40  stm32f4x7_eth.o(i.ETH_FlushTransmitFIFO)
    ETH_GetCurrentTxBuffer                   0x080004dd   Thumb Code     8  lan8720.o(i.ETH_GetCurrentTxBuffer)
    ETH_GetDMARxDescFrameLength              0x080004e9   Thumb Code    10  stm32f4x7_eth.o(i.ETH_GetDMARxDescFrameLength)
    ETH_GetRxPktSize                         0x080004f3   Thumb Code    42  stm32f4x7_eth.o(i.ETH_GetRxPktSize)
    ETH_GetSoftwareResetStatus               0x0800051d   Thumb Code    20  stm32f4x7_eth.o(i.ETH_GetSoftwareResetStatus)
    ETH_IRQHandler                           0x08000535   Thumb Code    48  freertosiphook.o(i.ETH_IRQHandler)
    ETH_IRQHandlerHook                       0x0800056d   Thumb Code   124  freertosiphook.o(i.ETH_IRQHandlerHook)
    ETH_Init                                 0x08000609   Thumb Code   762  stm32f4x7_eth.o(i.ETH_Init)
    ETH_MACAddressConfig                     0x08000931   Thumb Code    46  stm32f4x7_eth.o(i.ETH_MACAddressConfig)
    ETH_MACDMA_Config                        0x08000965   Thumb Code   138  lan8720.o(i.ETH_MACDMA_Config)
    ETH_MACReceptionCmd                      0x080009f5   Thumb Code    58  stm32f4x7_eth.o(i.ETH_MACReceptionCmd)
    ETH_MACTransmissionCmd                   0x08000a35   Thumb Code    58  stm32f4x7_eth.o(i.ETH_MACTransmissionCmd)
    ETH_ReadPHYRegister                      0x08000a75   Thumb Code    98  stm32f4x7_eth.o(i.ETH_ReadPHYRegister)
    ETH_Rx_Packet                            0x08000ae1   Thumb Code   148  lan8720.o(i.ETH_Rx_Packet)
    ETH_SoftwareReset                        0x08000b7d   Thumb Code    14  stm32f4x7_eth.o(i.ETH_SoftwareReset)
    ETH_Start                                0x08000b91   Thumb Code    32  stm32f4x7_eth.o(i.ETH_Start)
    ETH_StructInit                           0x08000bb1   Thumb Code   178  stm32f4x7_eth.o(i.ETH_StructInit)
    ETH_Tx_Packet                            0x08000c65   Thumb Code    94  lan8720.o(i.ETH_Tx_Packet)
    ETH_WritePHYRegister                     0x08000ccd   Thumb Code    96  stm32f4x7_eth.o(i.ETH_WritePHYRegister)
    FreeRTOS_ClearARP                        0x08000d35   Thumb Code    12  freertos_arp.o(i.FreeRTOS_ClearARP)
    FreeRTOS_GetUDPPayloadBuffer             0x08000d45   Thumb Code    54  freertos_ip.o(i.FreeRTOS_GetUDPPayloadBuffer)
    FreeRTOS_IPInit                          0x08000d7d   Thumb Code   282  freertos_ip.o(i.FreeRTOS_IPInit)
    FreeRTOS_NetworkDown                     0x08000ebd   Thumb Code    32  freertos_ip.o(i.FreeRTOS_NetworkDown)
    FreeRTOS_OutputARPRequest                0x08000ee5   Thumb Code    34  freertos_arp.o(i.FreeRTOS_OutputARPRequest)
    FreeRTOS_ReleaseUDPPayloadBuffer         0x08000f07   Thumb Code    18  freertos_ip.o(i.FreeRTOS_ReleaseUDPPayloadBuffer)
    FreeRTOS_SignalSocket                    0x08000f19   Thumb Code    62  freertos_sockets.o(i.FreeRTOS_SignalSocket)
    FreeRTOS_bind                            0x08000f57   Thumb Code   138  freertos_sockets.o(i.FreeRTOS_bind)
    FreeRTOS_closesocket                     0x08000fe1   Thumb Code    48  freertos_sockets.o(i.FreeRTOS_closesocket)
    FreeRTOS_recvfrom                        0x0800102d   Thumb Code   306  freertos_sockets.o(i.FreeRTOS_recvfrom)
    FreeRTOS_rx_size                         0x0800116d   Thumb Code    40  freertos_sockets.o(i.FreeRTOS_rx_size)
    FreeRTOS_sendto                          0x08001195   Thumb Code   210  freertos_sockets.o(i.FreeRTOS_sendto)
    FreeRTOS_setsockopt                      0x0800126d   Thumb Code   594  freertos_sockets.o(i.FreeRTOS_setsockopt)
    FreeRTOS_socket                          0x080014bf   Thumb Code   166  freertos_sockets.o(i.FreeRTOS_socket)
    FreeRTOS_tx_size                         0x08001565   Thumb Code    40  freertos_sockets.o(i.FreeRTOS_tx_size)
    FreeRTOS_tx_space                        0x0800158d   Thumb Code    40  freertos_sockets.o(i.FreeRTOS_tx_space)
    GPIO_Init                                0x080015b5   Thumb Code   144  stm32f4xx_gpio.o(i.GPIO_Init)
    GPIO_PinAFConfig                         0x08001645   Thumb Code    70  stm32f4xx_gpio.o(i.GPIO_PinAFConfig)
    GPIO_ResetBits                           0x0800168b   Thumb Code     4  stm32f4xx_gpio.o(i.GPIO_ResetBits)
    GPIO_SetBits                             0x0800168f   Thumb Code     4  stm32f4xx_gpio.o(i.GPIO_SetBits)
    HardFault_Handler                        0x08001693   Thumb Code     4  stm32f4xx_it.o(i.HardFault_Handler)
    IWDG_Enable                              0x08001699   Thumb Code    10  stm32f4xx_iwdg.o(i.IWDG_Enable)
    IWDG_ReloadCounter                       0x080016a9   Thumb Code    10  stm32f4xx_iwdg.o(i.IWDG_ReloadCounter)
    IWDG_SetPrescaler                        0x080016b9   Thumb Code     6  stm32f4xx_iwdg.o(i.IWDG_SetPrescaler)
    IWDG_SetReload                           0x080016c5   Thumb Code     6  stm32f4xx_iwdg.o(i.IWDG_SetReload)
    IWDG_WriteAccessCmd                      0x080016d1   Thumb Code     6  stm32f4xx_iwdg.o(i.IWDG_WriteAccessCmd)
    LAN8720_Init                             0x080016dd   Thumb Code   236  lan8720.o(i.LAN8720_Init)
    MemManage_Handler                        0x080017d9   Thumb Code     4  stm32f4xx_it.o(i.MemManage_Handler)
    NMI_Handler                              0x080017dd   Thumb Code     2  stm32f4xx_it.o(i.NMI_Handler)
    NVIC_Init                                0x080017e1   Thumb Code   106  misc.o(i.NVIC_Init)
    NVIC_PriorityGroupConfig                 0x08001859   Thumb Code    10  misc.o(i.NVIC_PriorityGroupConfig)
    RCC_AHB1PeriphClockCmd                   0x0800186d   Thumb Code    26  stm32f4xx_rcc.o(i.RCC_AHB1PeriphClockCmd)
    RCC_AHB1PeriphResetCmd                   0x0800188d   Thumb Code    26  stm32f4xx_rcc.o(i.RCC_AHB1PeriphResetCmd)
    RCC_AHB2PeriphClockCmd                   0x080018ad   Thumb Code    26  stm32f4xx_rcc.o(i.RCC_AHB2PeriphClockCmd)
    RCC_APB2PeriphClockCmd                   0x080018cd   Thumb Code    26  stm32f4xx_rcc.o(i.RCC_APB2PeriphClockCmd)
    RCC_GetClocksFreq                        0x080018ed   Thumb Code   214  stm32f4xx_rcc.o(i.RCC_GetClocksFreq)
    RNG_Cmd                                  0x080019d5   Thumb Code    30  stm32f4xx_rng.o(i.RNG_Cmd)
    RNG_GetFlagStatus                        0x080019f9   Thumb Code    20  stm32f4xx_rng.o(i.RNG_GetFlagStatus)
    RNG_GetRandomNumber                      0x08001a11   Thumb Code     6  stm32f4xx_rng.o(i.RNG_GetRandomNumber)
    SYSCFG_ETH_MediaInterfaceConfig          0x08001a1d   Thumb Code     6  stm32f4xx_syscfg.o(i.SYSCFG_ETH_MediaInterfaceConfig)
    SysTick_CLKSourceConfig                  0x08001b15   Thumb Code    40  misc.o(i.SysTick_CLKSourceConfig)
    SysTick_Handler                          0x08001b3d   Thumb Code    46  port.o(i.SysTick_Handler)
    SystemInit                               0x08001b71   Thumb Code    88  system_stm32f4xx.o(i.SystemInit)
    TIM2_IRQHandler                          0x08001bd9   Thumb Code    22  public.o(i.TIM2_IRQHandler)
    TIM3_IRQHandler                          0x08001bf1   Thumb Code    22  public.o(i.TIM3_IRQHandler)
    TIM4_IRQHandler                          0x08001c0d   Thumb Code    22  public.o(i.TIM4_IRQHandler)
    TIM5_IRQHandler                          0x08001c29   Thumb Code    22  public.o(i.TIM5_IRQHandler)
    TIM_ClearITPendingBit                    0x08001c45   Thumb Code     6  stm32f4xx_tim.o(i.TIM_ClearITPendingBit)
    TIM_GetITStatus                          0x08001c4b   Thumb Code    34  stm32f4xx_tim.o(i.TIM_GetITStatus)
    UART4_IRQHandler                         0x08001c6d   Thumb Code    54  public.o(i.UART4_IRQHandler)
    UART5_IRQHandler                         0x08001ca9   Thumb Code    52  public.o(i.UART5_IRQHandler)
    USART1_IRQHandler                        0x08001ce1   Thumb Code    52  public.o(i.USART1_IRQHandler)
    USART2_IRQHandler                        0x08001d19   Thumb Code    54  public.o(i.USART2_IRQHandler)
    USART3_IRQHandler                        0x08001d55   Thumb Code    54  public.o(i.USART3_IRQHandler)
    USART6_IRQHandler                        0x08001d91   Thumb Code    54  public.o(i.USART6_IRQHandler)
    USART_ClearFlag                          0x08001dcd   Thumb Code    18  stm32f4xx_usart.o(i.USART_ClearFlag)
    USART_ClearITPendingBit                  0x08001ddf   Thumb Code    30  stm32f4xx_usart.o(i.USART_ClearITPendingBit)
    USART_Cmd                                0x08001dfd   Thumb Code    24  stm32f4xx_usart.o(i.USART_Cmd)
    USART_GetFlagStatus                      0x08001e15   Thumb Code    26  stm32f4xx_usart.o(i.USART_GetFlagStatus)
    USART_GetITStatus                        0x08001e2f   Thumb Code    84  stm32f4xx_usart.o(i.USART_GetITStatus)
    USART_Init                               0x08001e85   Thumb Code   204  stm32f4xx_usart.o(i.USART_Init)
    USART_SendData                           0x08001f59   Thumb Code     8  stm32f4xx_usart.o(i.USART_SendData)
    UsageFault_Handler                       0x08001f61   Thumb Code     4  stm32f4xx_it.o(i.UsageFault_Handler)
    __0printf$2                              0x08001f65   Thumb Code    22  printf2.o(i.__0printf$2)
    __1printf$2                              0x08001f65   Thumb Code     0  printf2.o(i.__0printf$2)
    __2printf                                0x08001f65   Thumb Code     0  printf2.o(i.__0printf$2)
    __scatterload_copy                       0x08001f85   Thumb Code    14  handlers.o(i.__scatterload_copy)
    __scatterload_null                       0x08001f93   Thumb Code     2  handlers.o(i.__scatterload_null)
    __scatterload_zeroinit                   0x08001f95   Thumb Code    14  handlers.o(i.__scatterload_zeroinit)
    delay_ms                                 0x08002079   Thumb Code    32  public.o(i.delay_ms)
    eARPGetCacheEntry                        0x08002099   Thumb Code   118  freertos_arp.o(i.eARPGetCacheEntry)
    eARPProcessPacket                        0x0800211d   Thumb Code   154  freertos_arp.o(i.eARPProcessPacket)
    eConsiderFrameForProcessing              0x080021c1   Thumb Code    66  freertos_ip.o(i.eConsiderFrameForProcessing)
    ethCardRxTask                            0x0800220d   Thumb Code    34  freertosiphook.o(i.ethCardRxTask)
    fputc                                    0x08002235   Thumb Code    40  public.o(i.fputc)
    getRNG_value                             0x08002261   Thumb Code    20  public.o(i.getRNG_value)
    lTCPAddRxdata                            0x08002275   Thumb Code   142  freertos_sockets.o(i.lTCPAddRxdata)
    lTCPWindowRxCheck                        0x08002303   Thumb Code    30  freertos_tcp_win.o(i.lTCPWindowRxCheck)
    lTCPWindowTxAdd                          0x08002321   Thumb Code   122  freertos_tcp_win.o(i.lTCPWindowTxAdd)
    mIWDG_config                             0x080023a1   Thumb Code    36  public.o(i.mIWDG_config)
    mIWDG_feed                               0x080023c5   Thumb Code     8  public.o(i.mIWDG_feed)
    mNVIC_config                             0x080023cd   Thumb Code    40  public.o(i.mNVIC_config)
    mRNG_Init                                0x080023f5   Thumb Code    18  public.o(i.mRNG_Init)
    mUSART1_config                           0x08002409   Thumb Code   132  public.o(i.mUSART1_config)
    main                                     0x08002495   Thumb Code   248  main.o(i.main)
    pvPortMalloc                             0x08004b21   Thumb Code   188  heap_5.o(i.pvPortMalloc)
    pvTaskIncrementMutexHeldCount            0x08004bf1   Thumb Code    26  tasks.o(i.pvTaskIncrementMutexHeldCount)
    pxGetNetworkBufferWithDescriptor         0x08004c11   Thumb Code   126  bufferallocation_2.o(i.pxGetNetworkBufferWithDescriptor)
    pxPortInitialiseStack                    0x08004ccd   Thumb Code    38  port.o(i.pxPortInitialiseStack)
    pxTCPSocketLookup                        0x08004cf9   Thumb Code    88  freertos_sockets.o(i.pxTCPSocketLookup)
    pxUDPPayloadBuffer_to_NetworkBuffer      0x08004d55   Thumb Code    26  freertos_ip.o(i.pxUDPPayloadBuffer_to_NetworkBuffer)
    pxUDPSocketLookup                        0x08004d71   Thumb Code    24  freertos_sockets.o(i.pxUDPSocketLookup)
    ulApplicationGetNextSequenceNumber       0x08004d8d   Thumb Code    20  freertosiphook.o(i.ulApplicationGetNextSequenceNumber)
    ulTCPWindowTxAck                         0x08004da1   Thumb Code    82  freertos_tcp_win.o(i.ulTCPWindowTxAck)
    ulTCPWindowTxGet                         0x08004df9   Thumb Code   100  freertos_tcp_win.o(i.ulTCPWindowTxGet)
    ulTaskNotifyTake                         0x08004e5d   Thumb Code   108  tasks.o(i.ulTaskNotifyTake)
    uxListRemove                             0x08004ee5   Thumb Code    40  list.o(i.uxListRemove)
    uxQueueMessagesWaiting                   0x08004f0d   Thumb Code    18  queue.o(i.uxQueueMessagesWaiting)
    uxQueueSpacesAvailable                   0x08004f1f   Thumb Code    24  queue.o(i.uxQueueSpacesAvailable)
    uxStreamBufferAdd                        0x08004f37   Thumb Code   248  freertos_stream_buffer.o(i.uxStreamBufferAdd)
    uxStreamBufferGet                        0x0800506d   Thumb Code   174  freertos_stream_buffer.o(i.uxStreamBufferGet)
    uxTaskResetEventItemValue                0x08005195   Thumb Code    24  tasks.o(i.uxTaskResetEventItemValue)
    vARPAgeCache                             0x080051b1   Thumb Code   172  freertos_arp.o(i.vARPAgeCache)
    vARPGenerateRequestPacket                0x08005269   Thumb Code    62  freertos_arp.o(i.vARPGenerateRequestPacket)
    vARPRefreshCacheEntry                    0x080052b1   Thumb Code   332  freertos_arp.o(i.vARPRefreshCacheEntry)
    vARPSendGratuitous                       0x08005409   Thumb Code    16  freertos_arp.o(i.vARPSendGratuitous)
    vApplicationIPNetworkEventHook           0x0800541d   Thumb Code     2  freertosiphook.o(i.vApplicationIPNetworkEventHook)
    vApplicationIdleHook                     0x0800541f   Thumb Code     8  freertoshook.o(i.vApplicationIdleHook)
    vApplicationMallocFailedHook             0x08005429   Thumb Code    78  freertoshook.o(i.vApplicationMallocFailedHook)
    vApplicationStackOverflowHook            0x08005495   Thumb Code    16  freertoshook.o(i.vApplicationStackOverflowHook)
    vDHCPProcess                             0x080054b9   Thumb Code   502  freertos_dhcp.o(i.vDHCPProcess)
    vEventGroupDelete                        0x080056c1   Thumb Code    42  event_groups.o(i.vEventGroupDelete)
    vIPNetworkUpCalls                        0x080056ed   Thumb Code    26  freertos_ip.o(i.vIPNetworkUpCalls)
    vIPReloadDHCPTimer                       0x08005711   Thumb Code    14  freertos_ip.o(i.vIPReloadDHCPTimer)
    vIPSetDHCPTimerEnableState               0x08005725   Thumb Code    32  freertos_ip.o(i.vIPSetDHCPTimerEnableState)
    vListInitialise                          0x08005749   Thumb Code    26  list.o(i.vListInitialise)
    vListInitialiseItem                      0x08005763   Thumb Code     6  list.o(i.vListInitialiseItem)
    vListInsert                              0x08005769   Thumb Code    52  list.o(i.vListInsert)
    vListInsertEnd                           0x0800579d   Thumb Code    24  list.o(i.vListInsertEnd)
    vNetworkSocketsInit                      0x080057b5   Thumb Code    18  freertos_sockets.o(i.vNetworkSocketsInit)
    vPortDefineHeapRegions                   0x080057d1   Thumb Code   206  heap_5.o(i.vPortDefineHeapRegions)
    vPortEnterCritical                       0x080058b5   Thumb Code    30  port.o(i.vPortEnterCritical)
    vPortExitCritical                        0x080058d9   Thumb Code    28  port.o(i.vPortExitCritical)
    vPortFree                                0x080058f9   Thumb Code    64  heap_5.o(i.vPortFree)
    vPortSetupTimerInterrupt                 0x08005941   Thumb Code    52  port.o(i.vPortSetupTimerInterrupt)
    vProcessGeneratedUDPPacket               0x08005979   Thumb Code   160  freertos_udp_ip.o(i.vProcessGeneratedUDPPacket)
    vQueueDelete                             0x08005a1d   Thumb Code    14  queue.o(i.vQueueDelete)
    vReleaseNetworkBuffer                    0x08005a2b   Thumb Code    16  bufferallocation_2.o(i.vReleaseNetworkBuffer)
    vReleaseNetworkBufferAndDescriptor       0x08005a3d   Thumb Code    66  bufferallocation_2.o(i.vReleaseNetworkBufferAndDescriptor)
    vReturnEthernetFrame                     0x08005a89   Thumb Code    40  freertos_ip.o(i.vReturnEthernetFrame)
    vSocketBind                              0x08005ab5   Thumb Code   136  freertos_sockets.o(i.vSocketBind)
    vSocketClose                             0x08005b45   Thumb Code   110  freertos_sockets.o(i.vSocketClose)
    vSocketSelect                            0x08005bb5   Thumb Code   394  freertos_sockets.o(i.vSocketSelect)
    vSocketWakeUpUser                        0x08005d49   Thumb Code    80  freertos_sockets.o(i.vSocketWakeUpUser)
    vTCPStateChange                          0x08005d99   Thumb Code   278  freertos_tcp_ip.o(i.vTCPStateChange)
    vTCPWindowCreate                         0x08005ebd   Thumb Code    46  freertos_tcp_win.o(i.vTCPWindowCreate)
    vTCPWindowInit                           0x08005ef1   Thumb Code    90  freertos_tcp_win.o(i.vTCPWindowInit)
    vTaskDelay                               0x08005f4d   Thumb Code    46  tasks.o(i.vTaskDelay)
    vTaskInternalSetTimeOutState             0x08005f81   Thumb Code    14  tasks.o(i.vTaskInternalSetTimeOutState)
    vTaskMissedYield                         0x08005f99   Thumb Code     8  tasks.o(i.vTaskMissedYield)
    vTaskNotifyGiveFromISR                   0x08005fa5   Thumb Code   152  tasks.o(i.vTaskNotifyGiveFromISR)
    vTaskPlaceOnEventList                    0x08006055   Thumb Code    28  tasks.o(i.vTaskPlaceOnEventList)
    vTaskPlaceOnUnorderedEventList           0x08006075   Thumb Code    40  tasks.o(i.vTaskPlaceOnUnorderedEventList)
    vTaskPriorityDisinheritAfterTimeout      0x080060a1   Thumb Code   166  tasks.o(i.vTaskPriorityDisinheritAfterTimeout)
    vTaskRemoveFromUnorderedEventList        0x08006151   Thumb Code    82  tasks.o(i.vTaskRemoveFromUnorderedEventList)
    vTaskSetTimeOutState                     0x080061b5   Thumb Code    26  tasks.o(i.vTaskSetTimeOutState)
    vTaskStartScheduler                      0x080061d9   Thumb Code    72  tasks.o(i.vTaskStartScheduler)
    vTaskSuspendAll                          0x0800623d   Thumb Code    12  tasks.o(i.vTaskSuspendAll)
    vTaskSwitchContext                       0x0800624d   Thumb Code   132  tasks.o(i.vTaskSwitchContext)
    xEventGroupClearBits                     0x080062e5   Thumb Code    32  event_groups.o(i.xEventGroupClearBits)
    xEventGroupCreate                        0x08006305   Thumb Code    26  event_groups.o(i.xEventGroupCreate)
    xEventGroupSetBits                       0x0800631f   Thumb Code   146  event_groups.o(i.xEventGroupSetBits)
    xEventGroupWaitBits                      0x080063b1   Thumb Code   198  event_groups.o(i.xEventGroupWaitBits)
    xIPIsNetworkTaskReady                    0x0800647d   Thumb Code     6  freertos_ip.o(i.xIPIsNetworkTaskReady)
    xIsCallingFromIPTask                     0x08006489   Thumb Code    24  freertos_ip.o(i.xIsCallingFromIPTask)
    xIsDHCPSocket                            0x080064a5   Thumb Code    18  freertos_dhcp.o(i.xIsDHCPSocket)
    xNetworkBuffersInitialise                0x080064bd   Thumb Code   126  bufferallocation_2.o(i.xNetworkBuffersInitialise)
    xNetworkInterfaceInitialise              0x0800654d   Thumb Code     4  freertosiphook.o(i.xNetworkInterfaceInitialise)
    xNetworkInterfaceOutput                  0x08006551   Thumb Code    50  freertosiphook.o(i.xNetworkInterfaceOutput)
    xPortStartScheduler                      0x080065a1   Thumb Code    58  port.o(i.xPortStartScheduler)
    xProcessReceivedTCPPacket                0x080065e9   Thumb Code   390  freertos_tcp_ip.o(i.xProcessReceivedTCPPacket)
    xProcessReceivedUDPPacket                0x08006771   Thumb Code   174  freertos_udp_ip.o(i.xProcessReceivedUDPPacket)
    xQueueCreateCountingSemaphore            0x08006825   Thumb Code    26  queue.o(i.xQueueCreateCountingSemaphore)
    xQueueGenericCreate                      0x0800683f   Thumb Code    58  queue.o(i.xQueueGenericCreate)
    xQueueGenericReset                       0x08006879   Thumb Code   122  queue.o(i.xQueueGenericReset)
    xQueueGenericSend                        0x080068f9   Thumb Code   324  queue.o(i.xQueueGenericSend)
    xQueueReceive                            0x08006a41   Thumb Code   256  queue.o(i.xQueueReceive)
    xQueueSemaphoreTake                      0x08006b45   Thumb Code   300  queue.o(i.xQueueSemaphoreTake)
    xSendEventStructToIPTask                 0x08006c75   Thumb Code   100  freertos_ip.o(i.xSendEventStructToIPTask)
    xSendEventToIPTask                       0x08006ce1   Thumb Code    24  freertos_ip.o(i.xSendEventToIPTask)
    xTCPCheckNewClient                       0x08006cf9   Thumb Code    76  freertos_tcp_ip.o(i.xTCPCheckNewClient)
    xTCPSocketCheck                          0x08006d49   Thumb Code    68  freertos_tcp_ip.o(i.xTCPSocketCheck)
    xTCPTimerCheck                           0x08006d8d   Thumb Code   154  freertos_sockets.o(i.xTCPTimerCheck)
    xTCPWindowRxEmpty                        0x08006e31   Thumb Code    16  freertos_tcp_win.o(i.xTCPWindowRxEmpty)
    xTCPWindowTxDone                         0x08006e41   Thumb Code    14  freertos_tcp_win.o(i.xTCPWindowTxDone)
    xTCPWindowTxHasData                      0x08006e4f   Thumb Code    96  freertos_tcp_win.o(i.xTCPWindowTxHasData)
    xTaskCheckForTimeOut                     0x08006eb1   Thumb Code   108  tasks.o(i.xTaskCheckForTimeOut)
    xTaskCreate                              0x08006f29   Thumb Code    96  tasks.o(i.xTaskCreate)
    xTaskGetCurrentTaskHandle                0x08006f89   Thumb Code     6  tasks.o(i.xTaskGetCurrentTaskHandle)
    xTaskGetTickCount                        0x08006f95   Thumb Code     6  tasks.o(i.xTaskGetTickCount)
    xTaskIncrementTick                       0x08006fa1   Thumb Code   238  tasks.o(i.xTaskIncrementTick)
    xTaskPriorityDisinherit                  0x080070bd   Thumb Code   122  tasks.o(i.xTaskPriorityDisinherit)
    xTaskPriorityInherit                     0x08007141   Thumb Code   186  tasks.o(i.xTaskPriorityInherit)
    xTaskRemoveFromEventList                 0x08007209   Thumb Code   104  tasks.o(i.xTaskRemoveFromEventList)
    xTaskResumeAll                           0x08007289   Thumb Code   196  tasks.o(i.xTaskResumeAll)
    xHeapRegions                             0x08007370   Data          24  heap_5.o(.constdata)
    xBroadcastMACAddress                     0x080073d8   Data           6  freertos_ip.o(.constdata)
    xBufferAllocFixedSize                    0x080073f8   Data           4  bufferallocation_2.o(.constdata)
    Region$$Table$$Base                      0x080073fc   Number         0  anon$$obj.o(Region$$Table)
    Region$$Table$$Limit                     0x0800741c   Number         0  anon$$obj.o(Region$$Table)
    SystemCoreClock                          0x20000000   Data           4  system_stm32f4xx.o(.data)
    AHBPrescTable                            0x20000004   Data          16  system_stm32f4xx.o(.data)
    pxCurrentTCB                             0x20000024   Data           4  tasks.o(.data)
    xNetworkEventQueue                       0x20000080   Data           4  freertos_ip.o(.data)
    usPacketIdentifier                       0x20000084   Data           2  freertos_ip.o(.data)
    xTCPWindowLoggingLevel                   0x200000a8   Data           4  freertos_tcp_win.o(.data)
    xDefaultPartUDPPacketHeader              0x200000ac   Data          24  freertos_udp_ip.o(.data)
    hange_vUSE_DHCP                          0x200000cc   Data           4  freertosiphook.o(.data)
    ethCardRxHandler                         0x200000d0   Data           4  freertosiphook.o(.data)
    DMATxDescToSet                           0x200000d4   Data           4  stm32f4x7_eth.o(.data)
    DMARxDescToGet                           0x200000d8   Data           4  stm32f4x7_eth.o(.data)
    DMA_RX_FRAME_infos                       0x200000dc   Data           4  stm32f4x7_eth.o(.data)
    Frame_Rx_index                           0x200000e0   Data           4  stm32f4x7_eth.o(.data)
    networkParm                              0x200000e4   Data          32  lan8720.o(.data)
    __stdout                                 0x20000104   Data           4  stdout.o(.data)
    xNetworkAddressing                       0x200102b4   Data          20  freertos_ip.o(.bss)
    xDefaultAddressing                       0x200102c8   Data          20  freertos_ip.o(.bss)
    xBoundUDPSocketsList                     0x20010318   Data          20  freertos_sockets.o(.bss)
    xBoundTCPSocketsList                     0x2001032c   Data          20  freertos_sockets.o(.bss)
    DMARxDscrTab                             0x200104bc   Data         160  stm32f4x7_eth.o(.bss)
    DMATxDscrTab                             0x2001055c   Data         160  stm32f4x7_eth.o(.bss)
    Rx_Buff                                  0x200105fc   Data        7620  stm32f4x7_eth.o(.bss)
    Tx_Buff                                  0x200123c0   Data        7620  stm32f4x7_eth.o(.bss)
    RX_Frame_Descriptor                      0x20014184   Data          12  stm32f4x7_eth.o(.bss)
    __initial_sp                             0x20014590   Data           0  startup_stm32f40_41xxx.o(STACK)



==============================================================================

Memory Map of the image

  Image Entry point : 0x08000189

  Load Region LR_IROM1 (Base: 0x08000000, Size: 0x00007524, Max: 0x00100000, ABSOLUTE)

    Execution Region ER_IROM1 (Exec base: 0x08000000, Load base: 0x08000000, Size: 0x0000741c, Max: 0x00100000, ABSOLUTE)

    Exec Addr    Load Addr    Size         Type   Attr      Idx    E Section Name        Object

    0x08000000   0x08000000   0x00000188   Data   RO          147    RESET               startup_stm32f40_41xxx.o
    0x08000188   0x08000188   0x00000000   Code   RO         8636  * .ARM.Collect$$$$00000000  mc_w.l(entry.o)
    0x08000188   0x08000188   0x00000004   Code   RO         8948    .ARM.Collect$$$$00000001  mc_w.l(entry2.o)
    0x0800018c   0x0800018c   0x00000004   Code   RO         8951    .ARM.Collect$$$$00000004  mc_w.l(entry5.o)
    0x08000190   0x08000190   0x00000000   Code   RO         8953    .ARM.Collect$$$$00000008  mc_w.l(entry7b.o)
    0x08000190   0x08000190   0x00000000   Code   RO         8955    .ARM.Collect$$$$0000000A  mc_w.l(entry8b.o)
    0x08000190   0x08000190   0x00000008   Code   RO         8956    .ARM.Collect$$$$0000000B  mc_w.l(entry9a.o)
    0x08000198   0x08000198   0x00000000   Code   RO         8958    .ARM.Collect$$$$0000000D  mc_w.l(entry10a.o)
    0x08000198   0x08000198   0x00000000   Code   RO         8960    .ARM.Collect$$$$0000000F  mc_w.l(entry11a.o)
    0x08000198   0x08000198   0x00000004   Code   RO         8949    .ARM.Collect$$$$00002712  mc_w.l(entry2.o)
    0x0800019c   0x0800019c   0x000000be   Code   RO         6122    .emb_text           port.o
    0x0800025a   0x0800025a   0x00000002   PAD
    0x0800025c   0x0800025c   0x00000024   Code   RO          148    .text               startup_stm32f40_41xxx.o
    0x08000280   0x08000280   0x00000040   Code   RO         8641    .text               mc_w.l(memmovea.o)
    0x080002c0   0x080002c0   0x00000024   Code   RO         8643    .text               mc_w.l(memseta.o)
    0x080002e4   0x080002e4   0x0000001a   Code   RO         8645    .text               mc_w.l(memcmp.o)
    0x080002fe   0x080002fe   0x00000002   PAD
    0x08000300   0x08000300   0x00000024   Code   RO         8980    .text               mc_w.l(init.o)
    0x08000324   0x08000324   0x00000004   Code   RO         8231    i.BusFault_Handler  stm32f4xx_it.o
    0x08000328   0x08000328   0x00000002   Code   RO         8232    i.DebugMon_Handler  stm32f4xx_it.o
    0x0800032a   0x0800032a   0x00000020   Code   RO         8133    i.ETHERNET_NVICConfiguration  lan8720.o
    0x0800034a   0x0800034a   0x00000002   PAD
    0x0800034c   0x0800034c   0x0000000c   Code   RO         7599    i.ETH_DMAClearITPendingBit  stm32f4x7_eth.o
    0x08000358   0x08000358   0x00000020   Code   RO         7600    i.ETH_DMAITConfig   stm32f4x7_eth.o
    0x08000378   0x08000378   0x00000024   Code   RO         7601    i.ETH_DMAReceptionCmd  stm32f4x7_eth.o
    0x0800039c   0x0800039c   0x00000064   Code   RO         7602    i.ETH_DMARxDescChainInit  stm32f4x7_eth.o
    0x08000400   0x08000400   0x00000024   Code   RO         7604    i.ETH_DMATransmissionCmd  stm32f4x7_eth.o
    0x08000424   0x08000424   0x00000050   Code   RO         7607    i.ETH_DMATxDescChainInit  stm32f4x7_eth.o
    0x08000474   0x08000474   0x00000008   Code   RO         7608    i.ETH_DMATxDescChecksumInsertionConfig  stm32f4x7_eth.o
    0x0800047c   0x0800047c   0x00000016   Code   RO         7613    i.ETH_DeInit        stm32f4x7_eth.o
    0x08000492   0x08000492   0x0000001c   Code   RO         7614    i.ETH_Delay         stm32f4x7_eth.o
    0x080004ae   0x080004ae   0x00000002   PAD
    0x080004b0   0x080004b0   0x0000002c   Code   RO         7616    i.ETH_FlushTransmitFIFO  stm32f4x7_eth.o
    0x080004dc   0x080004dc   0x0000000c   Code   RO         8134    i.ETH_GetCurrentTxBuffer  lan8720.o
    0x080004e8   0x080004e8   0x0000000a   Code   RO         7628    i.ETH_GetDMARxDescFrameLength  stm32f4x7_eth.o
    0x080004f2   0x080004f2   0x0000002a   Code   RO         7641    i.ETH_GetRxPktSize  stm32f4x7_eth.o
    0x0800051c   0x0800051c   0x00000018   Code   RO         7642    i.ETH_GetSoftwareResetStatus  stm32f4x7_eth.o
    0x08000534   0x08000534   0x00000038   Code   RO         7508    i.ETH_IRQHandler    freertosiphook.o
    0x0800056c   0x0800056c   0x0000009c   Code   RO         7509    i.ETH_IRQHandlerHook  freertosiphook.o
    0x08000608   0x08000608   0x00000328   Code   RO         7647    i.ETH_Init          stm32f4x7_eth.o
    0x08000930   0x08000930   0x00000034   Code   RO         7649    i.ETH_MACAddressConfig  stm32f4x7_eth.o
    0x08000964   0x08000964   0x00000090   Code   RO         8135    i.ETH_MACDMA_Config  lan8720.o
    0x080009f4   0x080009f4   0x00000040   Code   RO         7654    i.ETH_MACReceptionCmd  stm32f4x7_eth.o
    0x08000a34   0x08000a34   0x00000040   Code   RO         7655    i.ETH_MACTransmissionCmd  stm32f4x7_eth.o
    0x08000a74   0x08000a74   0x0000006c   Code   RO         7667    i.ETH_ReadPHYRegister  stm32f4x7_eth.o
    0x08000ae0   0x08000ae0   0x0000009c   Code   RO         8136    i.ETH_Rx_Packet     lan8720.o
    0x08000b7c   0x08000b7c   0x00000014   Code   RO         7675    i.ETH_SoftwareReset  stm32f4x7_eth.o
    0x08000b90   0x08000b90   0x00000020   Code   RO         7676    i.ETH_Start         stm32f4x7_eth.o
    0x08000bb0   0x08000bb0   0x000000b2   Code   RO         7678    i.ETH_StructInit    stm32f4x7_eth.o
    0x08000c62   0x08000c62   0x00000002   PAD
    0x08000c64   0x08000c64   0x00000068   Code   RO         8137    i.ETH_Tx_Packet     lan8720.o
    0x08000ccc   0x08000ccc   0x00000068   Code   RO         7680    i.ETH_WritePHYRegister  stm32f4x7_eth.o
    0x08000d34   0x08000d34   0x00000010   Code   RO         6264    i.FreeRTOS_ClearARP  freertos_arp.o
    0x08000d44   0x08000d44   0x00000036   Code   RO         6469    i.FreeRTOS_GetUDPPayloadBuffer  freertos_ip.o
    0x08000d7a   0x08000d7a   0x00000002   PAD
    0x08000d7c   0x08000d7c   0x00000140   Code   RO         6470    i.FreeRTOS_IPInit   freertos_ip.o
    0x08000ebc   0x08000ebc   0x00000028   Code   RO         6472    i.FreeRTOS_NetworkDown  freertos_ip.o
    0x08000ee4   0x08000ee4   0x00000022   Code   RO         6265    i.FreeRTOS_OutputARPRequest  freertos_arp.o
    0x08000f06   0x08000f06   0x00000012   Code   RO         6474    i.FreeRTOS_ReleaseUDPPayloadBuffer  freertos_ip.o
    0x08000f18   0x08000f18   0x0000003e   Code   RO         6736    i.FreeRTOS_SignalSocket  freertos_sockets.o
    0x08000f56   0x08000f56   0x0000008a   Code   RO         6739    i.FreeRTOS_bind     freertos_sockets.o
    0x08000fe0   0x08000fe0   0x00000030   Code   RO         6740    i.FreeRTOS_closesocket  freertos_sockets.o
    0x08001010   0x08001010   0x0000000e   Code   RO         7086    i.FreeRTOS_min_uint32  freertos_stream_buffer.o
    0x0800101e   0x0800101e   0x0000000e   Code   RO         7119    i.FreeRTOS_min_uint32  freertos_tcp_ip.o
    0x0800102c   0x0800102c   0x00000132   Code   RO         6752    i.FreeRTOS_recvfrom  freertos_sockets.o
    0x0800115e   0x0800115e   0x0000000e   Code   RO         6753    i.FreeRTOS_round_up  freertos_sockets.o
    0x0800116c   0x0800116c   0x00000028   Code   RO         6754    i.FreeRTOS_rx_size  freertos_sockets.o
    0x08001194   0x08001194   0x000000d8   Code   RO         6757    i.FreeRTOS_sendto   freertos_sockets.o
    0x0800126c   0x0800126c   0x00000252   Code   RO         6758    i.FreeRTOS_setsockopt  freertos_sockets.o
    0x080014be   0x080014be   0x000000a6   Code   RO         6760    i.FreeRTOS_socket   freertos_sockets.o
    0x08001564   0x08001564   0x00000028   Code   RO         6761    i.FreeRTOS_tx_size  freertos_sockets.o
    0x0800158c   0x0800158c   0x00000028   Code   RO         6762    i.FreeRTOS_tx_space  freertos_sockets.o
    0x080015b4   0x080015b4   0x00000090   Code   RO         2053    i.GPIO_Init         stm32f4xx_gpio.o
    0x08001644   0x08001644   0x00000046   Code   RO         2054    i.GPIO_PinAFConfig  stm32f4xx_gpio.o
    0x0800168a   0x0800168a   0x00000004   Code   RO         2060    i.GPIO_ResetBits    stm32f4xx_gpio.o
    0x0800168e   0x0800168e   0x00000004   Code   RO         2061    i.GPIO_SetBits      stm32f4xx_gpio.o
    0x08001692   0x08001692   0x00000004   Code   RO         8233    i.HardFault_Handler  stm32f4xx_it.o
    0x08001696   0x08001696   0x00000002   PAD
    0x08001698   0x08001698   0x00000010   Code   RO         2568    i.IWDG_Enable       stm32f4xx_iwdg.o
    0x080016a8   0x080016a8   0x00000010   Code   RO         2570    i.IWDG_ReloadCounter  stm32f4xx_iwdg.o
    0x080016b8   0x080016b8   0x0000000c   Code   RO         2571    i.IWDG_SetPrescaler  stm32f4xx_iwdg.o
    0x080016c4   0x080016c4   0x0000000c   Code   RO         2572    i.IWDG_SetReload    stm32f4xx_iwdg.o
    0x080016d0   0x080016d0   0x0000000c   Code   RO         2573    i.IWDG_WriteAccessCmd  stm32f4xx_iwdg.o
    0x080016dc   0x080016dc   0x000000fc   Code   RO         8139    i.LAN8720_Init      lan8720.o
    0x080017d8   0x080017d8   0x00000004   Code   RO         8234    i.MemManage_Handler  stm32f4xx_it.o
    0x080017dc   0x080017dc   0x00000002   Code   RO         8235    i.NMI_Handler       stm32f4xx_it.o
    0x080017de   0x080017de   0x00000002   PAD
    0x080017e0   0x080017e0   0x00000078   Code   RO          155    i.NVIC_Init         misc.o
    0x08001858   0x08001858   0x00000014   Code   RO          156    i.NVIC_PriorityGroupConfig  misc.o
    0x0800186c   0x0800186c   0x00000020   Code   RO         2979    i.RCC_AHB1PeriphClockCmd  stm32f4xx_rcc.o
    0x0800188c   0x0800188c   0x00000020   Code   RO         2981    i.RCC_AHB1PeriphResetCmd  stm32f4xx_rcc.o
    0x080018ac   0x080018ac   0x00000020   Code   RO         2982    i.RCC_AHB2PeriphClockCmd  stm32f4xx_rcc.o
    0x080018cc   0x080018cc   0x00000020   Code   RO         2991    i.RCC_APB2PeriphClockCmd  stm32f4xx_rcc.o
    0x080018ec   0x080018ec   0x000000e8   Code   RO         3000    i.RCC_GetClocksFreq  stm32f4xx_rcc.o
    0x080019d4   0x080019d4   0x00000024   Code   RO         3319    i.RNG_Cmd           stm32f4xx_rng.o
    0x080019f8   0x080019f8   0x00000018   Code   RO         3321    i.RNG_GetFlagStatus  stm32f4xx_rng.o
    0x08001a10   0x08001a10   0x0000000c   Code   RO         3323    i.RNG_GetRandomNumber  stm32f4xx_rng.o
    0x08001a1c   0x08001a1c   0x0000000c   Code   RO         4301    i.SYSCFG_ETH_MediaInterfaceConfig  stm32f4xx_syscfg.o
    0x08001a28   0x08001a28   0x000000ec   Code   RO            4    i.SetSysClock       system_stm32f4xx.o
    0x08001b14   0x08001b14   0x00000028   Code   RO          159    i.SysTick_CLKSourceConfig  misc.o
    0x08001b3c   0x08001b3c   0x00000034   Code   RO         6126    i.SysTick_Handler   port.o
    0x08001b70   0x08001b70   0x00000068   Code   RO            6    i.SystemInit        system_stm32f4xx.o
    0x08001bd8   0x08001bd8   0x00000016   Code   RO         8289    i.TIM2_IRQHandler   public.o
    0x08001bee   0x08001bee   0x00000002   PAD
    0x08001bf0   0x08001bf0   0x0000001c   Code   RO         8290    i.TIM3_IRQHandler   public.o
    0x08001c0c   0x08001c0c   0x0000001c   Code   RO         8291    i.TIM4_IRQHandler   public.o
    0x08001c28   0x08001c28   0x0000001c   Code   RO         8292    i.TIM5_IRQHandler   public.o
    0x08001c44   0x08001c44   0x00000006   Code   RO         4370    i.TIM_ClearITPendingBit  stm32f4xx_tim.o
    0x08001c4a   0x08001c4a   0x00000022   Code   RO         4396    i.TIM_GetITStatus   stm32f4xx_tim.o
    0x08001c6c   0x08001c6c   0x0000003c   Code   RO         8293    i.UART4_IRQHandler  public.o
    0x08001ca8   0x08001ca8   0x00000038   Code   RO         8294    i.UART5_IRQHandler  public.o
    0x08001ce0   0x08001ce0   0x00000038   Code   RO         8295    i.USART1_IRQHandler  public.o
    0x08001d18   0x08001d18   0x0000003c   Code   RO         8296    i.USART2_IRQHandler  public.o
    0x08001d54   0x08001d54   0x0000003c   Code   RO         8297    i.USART3_IRQHandler  public.o
    0x08001d90   0x08001d90   0x0000003c   Code   RO         8298    i.USART6_IRQHandler  public.o
    0x08001dcc   0x08001dcc   0x00000012   Code   RO         4925    i.USART_ClearFlag   stm32f4xx_usart.o
    0x08001dde   0x08001dde   0x0000001e   Code   RO         4926    i.USART_ClearITPendingBit  stm32f4xx_usart.o
    0x08001dfc   0x08001dfc   0x00000018   Code   RO         4929    i.USART_Cmd         stm32f4xx_usart.o
    0x08001e14   0x08001e14   0x0000001a   Code   RO         4932    i.USART_GetFlagStatus  stm32f4xx_usart.o
    0x08001e2e   0x08001e2e   0x00000054   Code   RO         4933    i.USART_GetITStatus  stm32f4xx_usart.o
    0x08001e82   0x08001e82   0x00000002   PAD
    0x08001e84   0x08001e84   0x000000d4   Code   RO         4936    i.USART_Init        stm32f4xx_usart.o
    0x08001f58   0x08001f58   0x00000008   Code   RO         4946    i.USART_SendData    stm32f4xx_usart.o
    0x08001f60   0x08001f60   0x00000004   Code   RO         8236    i.UsageFault_Handler  stm32f4xx_it.o
    0x08001f64   0x08001f64   0x00000020   Code   RO         8718    i.__0printf$2       mc_w.l(printf2.o)
    0x08001f84   0x08001f84   0x0000000e   Code   RO         8988    i.__scatterload_copy  mc_w.l(handlers.o)
    0x08001f92   0x08001f92   0x00000002   Code   RO         8989    i.__scatterload_null  mc_w.l(handlers.o)
    0x08001f94   0x08001f94   0x0000000e   Code   RO         8990    i.__scatterload_zeroinit  mc_w.l(handlers.o)
    0x08001fa2   0x08001fa2   0x000000d6   Code   RO         8725    i._printf_core      mc_w.l(printf2.o)
    0x08002078   0x08002078   0x00000020   Code   RO         8300    i.delay_ms          public.o
    0x08002098   0x08002098   0x00000084   Code   RO         6266    i.eARPGetCacheEntry  freertos_arp.o
    0x0800211c   0x0800211c   0x000000a4   Code   RO         6267    i.eARPProcessPacket  freertos_arp.o
    0x080021c0   0x080021c0   0x0000004c   Code   RO         6480    i.eConsiderFrameForProcessing  freertos_ip.o
    0x0800220c   0x0800220c   0x00000028   Code   RO         7510    i.ethCardRxTask     freertosiphook.o
    0x08002234   0x08002234   0x0000002c   Code   RO         8302    i.fputc             public.o
    0x08002260   0x08002260   0x00000014   Code   RO         8304    i.getRNG_value      public.o
    0x08002274   0x08002274   0x0000008e   Code   RO         6764    i.lTCPAddRxdata     freertos_sockets.o
    0x08002302   0x08002302   0x0000001e   Code   RO         7317    i.lTCPWindowRxCheck  freertos_tcp_win.o
    0x08002320   0x08002320   0x00000080   Code   RO         7318    i.lTCPWindowTxAdd   freertos_tcp_win.o
    0x080023a0   0x080023a0   0x00000024   Code   RO         8316    i.mIWDG_config      public.o
    0x080023c4   0x080023c4   0x00000008   Code   RO         8317    i.mIWDG_feed        public.o
    0x080023cc   0x080023cc   0x00000028   Code   RO         8318    i.mNVIC_config      public.o
    0x080023f4   0x080023f4   0x00000012   Code   RO         8319    i.mRNG_Init         public.o
    0x08002406   0x08002406   0x00000002   PAD
    0x08002408   0x08002408   0x0000008c   Code   RO         8326    i.mUSART1_config    public.o
    0x08002494   0x08002494   0x00000154   Code   RO         8200    i.main              main.o
    0x080025e8   0x080025e8   0x000000a4   Code   RO         5712    i.prvAddCurrentTaskToDelayedList  tasks.o
    0x0800268c   0x0800268c   0x000000b4   Code   RO         5713    i.prvAddNewTaskToReadyList  tasks.o
    0x08002740   0x08002740   0x00000058   Code   RO         6481    i.prvAllowIPPacket  freertos_ip.o
    0x08002798   0x08002798   0x00000050   Code   RO         6268    i.prvCacheLookup    freertos_arp.o
    0x080027e8   0x080027e8   0x00000058   Code   RO         6482    i.prvCalculateSleepTime  freertos_ip.o
    0x08002840   0x08002840   0x0000007c   Code   RO         6483    i.prvCheckNetworkTimers  freertos_ip.o
    0x080028bc   0x080028bc   0x000000da   Code   RO         7120    i.prvCheckOptions   freertos_tcp_ip.o
    0x08002996   0x08002996   0x00000078   Code   RO         7121    i.prvCheckRxData    freertos_tcp_ip.o
    0x08002a0e   0x08002a0e   0x00000002   PAD
    0x08002a10   0x08002a10   0x00000048   Code   RO         5714    i.prvCheckTasksWaitingTermination  tasks.o
    0x08002a58   0x08002a58   0x0000002a   Code   RO         5350    i.prvCopyDataFromQueue  queue.o
    0x08002a82   0x08002a82   0x0000007e   Code   RO         5351    i.prvCopyDataToQueue  queue.o
    0x08002b00   0x08002b00   0x0000007c   Code   RO         6384    i.prvCreateDHCPSocket  freertos_dhcp.o
    0x08002b7c   0x08002b7c   0x000000bc   Code   RO         6385    i.prvCreatePartDHCPMessage  freertos_dhcp.o
    0x08002c38   0x08002c38   0x00000012   Code   RO         5715    i.prvDeleteTCB      tasks.o
    0x08002c4a   0x08002c4a   0x00000042   Code   RO         6765    i.prvDetermineSocketSize  freertos_sockets.o
    0x08002c8c   0x08002c8c   0x00000014   Code   RO         5352    i.prvGetDisinheritPriorityAfterTimeout  queue.o
    0x08002ca0   0x08002ca0   0x00000088   Code   RO         6767    i.prvGetPrivatePortNumber  freertos_sockets.o
    0x08002d28   0x08002d28   0x000001a8   Code   RO         7122    i.prvHandleEstablished  freertos_tcp_ip.o
    0x08002ed0   0x08002ed0   0x0000000c   Code   RO         6484    i.prvHandleEthernetPacket  freertos_ip.o
    0x08002edc   0x08002edc   0x00000124   Code   RO         7123    i.prvHandleListen   freertos_tcp_ip.o
    0x08003000   0x08003000   0x0000010c   Code   RO         7124    i.prvHandleSynReceived  freertos_tcp_ip.o
    0x0800310c   0x0800310c   0x00000154   Code   RO         6485    i.prvIPTask         freertos_ip.o
    0x08003260   0x08003260   0x00000036   Code   RO         6486    i.prvIPTimerCheck   freertos_ip.o
    0x08003296   0x08003296   0x00000012   Code   RO         6487    i.prvIPTimerReload  freertos_ip.o
    0x080032a8   0x080032a8   0x00000030   Code   RO         6488    i.prvIPTimerStart   freertos_ip.o
    0x080032d8   0x080032d8   0x0000002c   Code   RO         5716    i.prvIdleTask       tasks.o
    0x08003304   0x08003304   0x00000034   Code   RO         6386    i.prvInitialiseDHCP  freertos_dhcp.o
    0x08003338   0x08003338   0x0000002a   Code   RO         5354    i.prvInitialiseNewQueue  queue.o
    0x08003362   0x08003362   0x0000009e   Code   RO         5717    i.prvInitialiseNewTask  tasks.o
    0x08003400   0x08003400   0x00000068   Code   RO         5718    i.prvInitialiseTaskLists  tasks.o
    0x08003468   0x08003468   0x00000068   Code   RO         6075    i.prvInsertBlockIntoFreeList  heap_5.o
    0x080034d0   0x080034d0   0x0000001a   Code   RO         5355    i.prvIsQueueEmpty   queue.o
    0x080034ea   0x080034ea   0x0000001e   Code   RO         5356    i.prvIsQueueFull    queue.o
    0x08003508   0x08003508   0x00000052   Code   RO         5357    i.prvNotifyQueueSetContainer  queue.o
    0x0800355a   0x0800355a   0x00000002   PAD
    0x0800355c   0x0800355c   0x000001d8   Code   RO         6387    i.prvProcessDHCPReplies  freertos_dhcp.o
    0x08003734   0x08003734   0x00000070   Code   RO         6489    i.prvProcessEthernetPacket  freertos_ip.o
    0x080037a4   0x080037a4   0x0000005c   Code   RO         6490    i.prvProcessICMPEchoRequest  freertos_ip.o
    0x08003800   0x08003800   0x00000024   Code   RO         6491    i.prvProcessICMPPacket  freertos_ip.o
    0x08003824   0x08003824   0x00000140   Code   RO         6492    i.prvProcessIPPacket  freertos_ip.o
    0x08003964   0x08003964   0x00000060   Code   RO         6493    i.prvProcessNetworkDownEvent  freertos_ip.o
    0x080039c4   0x080039c4   0x00000034   Code   RO         5719    i.prvResetNextTaskUnblockTime  tasks.o
    0x080039f8   0x080039f8   0x00000048   Code   RO         6388    i.prvSendDHCPDiscover  freertos_dhcp.o
    0x08003a40   0x08003a40   0x00000058   Code   RO         6389    i.prvSendDHCPRequest  freertos_dhcp.o
    0x08003a98   0x08003a98   0x00000080   Code   RO         7125    i.prvSendData       freertos_tcp_ip.o
    0x08003b18   0x08003b18   0x00000060   Code   RO         7126    i.prvSetOptions     freertos_tcp_ip.o
    0x08003b78   0x08003b78   0x00000020   Code   RO         7127    i.prvSetSynAckOptions  freertos_tcp_ip.o
    0x08003b98   0x08003b98   0x0000005c   Code   RO         7128    i.prvSocketSetMSS   freertos_tcp_ip.o
    0x08003bf4   0x08003bf4   0x000000ba   Code   RO         7129    i.prvStoreRxData    freertos_tcp_ip.o
    0x08003cae   0x08003cae   0x0000005a   Code   RO         7130    i.prvTCPAddTxData   freertos_tcp_ip.o
    0x08003d08   0x08003d08   0x00000094   Code   RO         7131    i.prvTCPBufferResize  freertos_tcp_ip.o
    0x08003d9c   0x08003d9c   0x00000084   Code   RO         6769    i.prvTCPCreateStream  freertos_sockets.o
    0x08003e20   0x08003e20   0x00000040   Code   RO         7132    i.prvTCPCreateWindow  freertos_tcp_ip.o
    0x08003e60   0x08003e60   0x000000f0   Code   RO         7133    i.prvTCPHandleFin   freertos_tcp_ip.o
    0x08003f50   0x08003f50   0x0000019a   Code   RO         7134    i.prvTCPHandleState  freertos_tcp_ip.o
    0x080040ea   0x080040ea   0x000000c8   Code   RO         7135    i.prvTCPNextTimeout  freertos_tcp_ip.o
    0x080041b2   0x080041b2   0x00000002   PAD
    0x080041b4   0x080041b4   0x00000154   Code   RO         7136    i.prvTCPPrepareConnect  freertos_tcp_ip.o
    0x08004308   0x08004308   0x0000021c   Code   RO         7137    i.prvTCPPrepareSend  freertos_tcp_ip.o
    0x08004524   0x08004524   0x00000260   Code   RO         7138    i.prvTCPReturnPacket  freertos_tcp_ip.o
    0x08004784   0x08004784   0x0000008c   Code   RO         7139    i.prvTCPSendPacket  freertos_tcp_ip.o
    0x08004810   0x08004810   0x0000003e   Code   RO         7140    i.prvTCPSendRepeated  freertos_tcp_ip.o
    0x0800484e   0x0800484e   0x00000024   Code   RO         7141    i.prvTCPSendReset   freertos_tcp_ip.o
    0x08004872   0x08004872   0x00000002   PAD
    0x08004874   0x08004874   0x00000044   Code   RO         6771    i.prvTCPSetSocketCount  freertos_sockets.o
    0x080048b8   0x080048b8   0x000000a4   Code   RO         7142    i.prvTCPSocketCopy  freertos_tcp_ip.o
    0x0800495c   0x0800495c   0x0000002a   Code   RO         7143    i.prvTCPSocketIsActive  freertos_tcp_ip.o
    0x08004986   0x08004986   0x00000068   Code   RO         7144    i.prvTCPStatusAgeCheck  freertos_tcp_ip.o
    0x080049ee   0x080049ee   0x00000028   Code   RO         7145    i.prvTCPTouchSocket  freertos_tcp_ip.o
    0x08004a16   0x08004a16   0x00000012   Code   RO         7319    i.prvTCPWindowTxHasSpace  freertos_tcp_win.o
    0x08004a28   0x08004a28   0x00000016   Code   RO         6127    i.prvTaskExitError  port.o
    0x08004a3e   0x08004a3e   0x0000001e   Code   RO         5219    i.prvTestWaitCondition  event_groups.o
    0x08004a5c   0x08004a5c   0x00000092   Code   RO         5358    i.prvUnlockQueue    queue.o
    0x08004aee   0x08004aee   0x00000030   Code   RO         6772    i.prvValidSocket    freertos_sockets.o
    0x08004b1e   0x08004b1e   0x00000002   PAD
    0x08004b20   0x08004b20   0x000000d0   Code   RO         6076    i.pvPortMalloc      heap_5.o
    0x08004bf0   0x08004bf0   0x00000020   Code   RO         5723    i.pvTaskIncrementMutexHeldCount  tasks.o
    0x08004c10   0x08004c10   0x0000008c   Code   RO         7443    i.pxGetNetworkBufferWithDescriptor  bufferallocation_2.o
    0x08004c9c   0x08004c9c   0x00000030   Code   RO         6773    i.pxListFindListItemWithValue  freertos_sockets.o
    0x08004ccc   0x08004ccc   0x0000002c   Code   RO         6128    i.pxPortInitialiseStack  port.o
    0x08004cf8   0x08004cf8   0x0000005c   Code   RO         6774    i.pxTCPSocketLookup  freertos_sockets.o
    0x08004d54   0x08004d54   0x0000001a   Code   RO         6495    i.pxUDPPayloadBuffer_to_NetworkBuffer  freertos_ip.o
    0x08004d6e   0x08004d6e   0x00000002   PAD
    0x08004d70   0x08004d70   0x0000001c   Code   RO         6775    i.pxUDPSocketLookup  freertos_sockets.o
    0x08004d8c   0x08004d8c   0x00000014   Code   RO         7511    i.ulApplicationGetNextSequenceNumber  freertosiphook.o
    0x08004da0   0x08004da0   0x00000058   Code   RO         7320    i.ulTCPWindowTxAck  freertos_tcp_win.o
    0x08004df8   0x08004df8   0x00000064   Code   RO         7321    i.ulTCPWindowTxGet  freertos_tcp_win.o
    0x08004e5c   0x08004e5c   0x00000074   Code   RO         5724    i.ulTaskNotifyTake  tasks.o
    0x08004ed0   0x08004ed0   0x00000014   Code   RO         7322    i.ulTimerGetAge     freertos_tcp_win.o
    0x08004ee4   0x08004ee4   0x00000028   Code   RO         5311    i.uxListRemove      list.o
    0x08004f0c   0x08004f0c   0x00000012   Code   RO         5359    i.uxQueueMessagesWaiting  queue.o
    0x08004f1e   0x08004f1e   0x00000018   Code   RO         5361    i.uxQueueSpacesAvailable  queue.o
    0x08004f36   0x08004f36   0x000000f8   Code   RO         7087    i.uxStreamBufferAdd  freertos_stream_buffer.o
    0x0800502e   0x0800502e   0x00000016   Code   RO         7146    i.uxStreamBufferDistance  freertos_tcp_ip.o
    0x08005044   0x08005044   0x00000014   Code   RO         6776    i.uxStreamBufferFrontSpace  freertos_sockets.o
    0x08005058   0x08005058   0x00000014   Code   RO         7147    i.uxStreamBufferFrontSpace  freertos_tcp_ip.o
    0x0800506c   0x0800506c   0x000000ae   Code   RO         7088    i.uxStreamBufferGet  freertos_stream_buffer.o
    0x0800511a   0x0800511a   0x00000020   Code   RO         6777    i.uxStreamBufferGetSize  freertos_sockets.o
    0x0800513a   0x0800513a   0x00000014   Code   RO         6778    i.uxStreamBufferGetSpace  freertos_sockets.o
    0x0800514e   0x0800514e   0x00000014   Code   RO         7148    i.uxStreamBufferMidSpace  freertos_tcp_ip.o
    0x08005162   0x08005162   0x00000018   Code   RO         6779    i.uxStreamBufferSpace  freertos_sockets.o
    0x0800517a   0x0800517a   0x00000018   Code   RO         7149    i.uxStreamBufferSpace  freertos_tcp_ip.o
    0x08005192   0x08005192   0x00000002   PAD
    0x08005194   0x08005194   0x0000001c   Code   RO         5729    i.uxTaskResetEventItemValue  tasks.o
    0x080051b0   0x080051b0   0x000000b8   Code   RO         6269    i.vARPAgeCache      freertos_arp.o
    0x08005268   0x08005268   0x00000048   Code   RO         6270    i.vARPGenerateRequestPacket  freertos_arp.o
    0x080052b0   0x080052b0   0x00000158   Code   RO         6271    i.vARPRefreshCacheEntry  freertos_arp.o
    0x08005408   0x08005408   0x00000014   Code   RO         6272    i.vARPSendGratuitous  freertos_arp.o
    0x0800541c   0x0800541c   0x00000002   Code   RO         7512    i.vApplicationIPNetworkEventHook  freertosiphook.o
    0x0800541e   0x0800541e   0x00000008   Code   RO         6208    i.vApplicationIdleHook  freertoshook.o
    0x08005426   0x08005426   0x00000002   PAD
    0x08005428   0x08005428   0x0000006c   Code   RO         6209    i.vApplicationMallocFailedHook  freertoshook.o
    0x08005494   0x08005494   0x00000024   Code   RO         6210    i.vApplicationStackOverflowHook  freertoshook.o
    0x080054b8   0x080054b8   0x00000208   Code   RO         6390    i.vDHCPProcess      freertos_dhcp.o
    0x080056c0   0x080056c0   0x0000002a   Code   RO         5221    i.vEventGroupDelete  event_groups.o
    0x080056ea   0x080056ea   0x00000002   PAD
    0x080056ec   0x080056ec   0x00000024   Code   RO         6499    i.vIPNetworkUpCalls  freertos_ip.o
    0x08005710   0x08005710   0x00000014   Code   RO         6500    i.vIPReloadDHCPTimer  freertos_ip.o
    0x08005724   0x08005724   0x00000024   Code   RO         6501    i.vIPSetDHCPTimerEnableState  freertos_ip.o
    0x08005748   0x08005748   0x0000001a   Code   RO         5312    i.vListInitialise   list.o
    0x08005762   0x08005762   0x00000006   Code   RO         5313    i.vListInitialiseItem  list.o
    0x08005768   0x08005768   0x00000034   Code   RO         5314    i.vListInsert       list.o
    0x0800579c   0x0800579c   0x00000018   Code   RO         5315    i.vListInsertEnd    list.o
    0x080057b4   0x080057b4   0x0000001c   Code   RO         6780    i.vNetworkSocketsInit  freertos_sockets.o
    0x080057d0   0x080057d0   0x000000e4   Code   RO         6077    i.vPortDefineHeapRegions  heap_5.o
    0x080058b4   0x080058b4   0x00000024   Code   RO         6130    i.vPortEnterCritical  port.o
    0x080058d8   0x080058d8   0x00000020   Code   RO         6131    i.vPortExitCritical  port.o
    0x080058f8   0x080058f8   0x00000048   Code   RO         6078    i.vPortFree         heap_5.o
    0x08005940   0x08005940   0x00000038   Code   RO         6132    i.vPortSetupTimerInterrupt  port.o
    0x08005978   0x08005978   0x000000a4   Code   RO         7417    i.vProcessGeneratedUDPPacket  freertos_udp_ip.o
    0x08005a1c   0x08005a1c   0x0000000e   Code   RO         5362    i.vQueueDelete      queue.o
    0x08005a2a   0x08005a2a   0x00000010   Code   RO         7447    i.vReleaseNetworkBuffer  bufferallocation_2.o
    0x08005a3a   0x08005a3a   0x00000002   PAD
    0x08005a3c   0x08005a3c   0x0000004c   Code   RO         7448    i.vReleaseNetworkBufferAndDescriptor  bufferallocation_2.o
    0x08005a88   0x08005a88   0x0000002c   Code   RO         6502    i.vReturnEthernetFrame  freertos_ip.o
    0x08005ab4   0x08005ab4   0x00000090   Code   RO         6781    i.vSocketBind       freertos_sockets.o
    0x08005b44   0x08005b44   0x0000006e   Code   RO         6782    i.vSocketClose      freertos_sockets.o
    0x08005bb2   0x08005bb2   0x00000002   PAD
    0x08005bb4   0x08005bb4   0x00000194   Code   RO         6783    i.vSocketSelect     freertos_sockets.o
    0x08005d48   0x08005d48   0x00000050   Code   RO         6784    i.vSocketWakeUpUser  freertos_sockets.o
    0x08005d98   0x08005d98   0x00000116   Code   RO         7150    i.vTCPStateChange   freertos_tcp_ip.o
    0x08005eae   0x08005eae   0x0000000c   Code   RO         7324    i.vTCPTimerSet      freertos_tcp_win.o
    0x08005eba   0x08005eba   0x00000002   PAD
    0x08005ebc   0x08005ebc   0x00000034   Code   RO         7325    i.vTCPWindowCreate  freertos_tcp_win.o
    0x08005ef0   0x08005ef0   0x0000005a   Code   RO         7327    i.vTCPWindowInit    freertos_tcp_win.o
    0x08005f4a   0x08005f4a   0x00000002   PAD
    0x08005f4c   0x08005f4c   0x00000034   Code   RO         5730    i.vTaskDelay        tasks.o
    0x08005f80   0x08005f80   0x00000018   Code   RO         5734    i.vTaskInternalSetTimeOutState  tasks.o
    0x08005f98   0x08005f98   0x0000000c   Code   RO         5735    i.vTaskMissedYield  tasks.o
    0x08005fa4   0x08005fa4   0x000000b0   Code   RO         5736    i.vTaskNotifyGiveFromISR  tasks.o
    0x08006054   0x08006054   0x00000020   Code   RO         5737    i.vTaskPlaceOnEventList  tasks.o
    0x08006074   0x08006074   0x0000002c   Code   RO         5738    i.vTaskPlaceOnUnorderedEventList  tasks.o
    0x080060a0   0x080060a0   0x000000b0   Code   RO         5739    i.vTaskPriorityDisinheritAfterTimeout  tasks.o
    0x08006150   0x08006150   0x00000064   Code   RO         5741    i.vTaskRemoveFromUnorderedEventList  tasks.o
    0x080061b4   0x080061b4   0x00000024   Code   RO         5743    i.vTaskSetTimeOutState  tasks.o
    0x080061d8   0x080061d8   0x00000064   Code   RO         5744    i.vTaskStartScheduler  tasks.o
    0x0800623c   0x0800623c   0x00000010   Code   RO         5746    i.vTaskSuspendAll   tasks.o
    0x0800624c   0x0800624c   0x00000098   Code   RO         5747    i.vTaskSwitchContext  tasks.o
    0x080062e4   0x080062e4   0x00000020   Code   RO         5223    i.xEventGroupClearBits  event_groups.o
    0x08006304   0x08006304   0x0000001a   Code   RO         5224    i.xEventGroupCreate  event_groups.o
    0x0800631e   0x0800631e   0x00000092   Code   RO         5226    i.xEventGroupSetBits  event_groups.o
    0x080063b0   0x080063b0   0x000000cc   Code   RO         5228    i.xEventGroupWaitBits  event_groups.o
    0x0800647c   0x0800647c   0x0000000c   Code   RO         6503    i.xIPIsNetworkTaskReady  freertos_ip.o
    0x08006488   0x08006488   0x0000001c   Code   RO         6504    i.xIsCallingFromIPTask  freertos_ip.o
    0x080064a4   0x080064a4   0x00000018   Code   RO         6391    i.xIsDHCPSocket     freertos_dhcp.o
    0x080064bc   0x080064bc   0x00000090   Code   RO         7449    i.xNetworkBuffersInitialise  bufferallocation_2.o
    0x0800654c   0x0800654c   0x00000004   Code   RO         7515    i.xNetworkInterfaceInitialise  freertosiphook.o
    0x08006550   0x08006550   0x00000050   Code   RO         7516    i.xNetworkInterfaceOutput  freertosiphook.o
    0x080065a0   0x080065a0   0x00000048   Code   RO         6133    i.xPortStartScheduler  port.o
    0x080065e8   0x080065e8   0x00000186   Code   RO         7151    i.xProcessReceivedTCPPacket  freertos_tcp_ip.o
    0x0800676e   0x0800676e   0x00000002   PAD
    0x08006770   0x08006770   0x000000b4   Code   RO         7418    i.xProcessReceivedUDPPacket  freertos_udp_ip.o
    0x08006824   0x08006824   0x0000001a   Code   RO         5364    i.xQueueCreateCountingSemaphore  queue.o
    0x0800683e   0x0800683e   0x0000003a   Code   RO         5367    i.xQueueGenericCreate  queue.o
    0x08006878   0x08006878   0x00000080   Code   RO         5368    i.xQueueGenericReset  queue.o
    0x080068f8   0x080068f8   0x00000148   Code   RO         5369    i.xQueueGenericSend  queue.o
    0x08006a40   0x08006a40   0x00000104   Code   RO         5379    i.xQueueReceive     queue.o
    0x08006b44   0x08006b44   0x00000130   Code   RO         5384    i.xQueueSemaphoreTake  queue.o
    0x08006c74   0x08006c74   0x0000006c   Code   RO         6505    i.xSendEventStructToIPTask  freertos_ip.o
    0x08006ce0   0x08006ce0   0x00000018   Code   RO         6506    i.xSendEventToIPTask  freertos_ip.o
    0x08006cf8   0x08006cf8   0x00000050   Code   RO         7152    i.xTCPCheckNewClient  freertos_tcp_ip.o
    0x08006d48   0x08006d48   0x00000044   Code   RO         7153    i.xTCPSocketCheck   freertos_tcp_ip.o
    0x08006d8c   0x08006d8c   0x000000a4   Code   RO         6786    i.xTCPTimerCheck    freertos_sockets.o
    0x08006e30   0x08006e30   0x00000010   Code   RO         7328    i.xTCPWindowRxEmpty  freertos_tcp_win.o
    0x08006e40   0x08006e40   0x0000000e   Code   RO         7329    i.xTCPWindowTxDone  freertos_tcp_win.o
    0x08006e4e   0x08006e4e   0x00000060   Code   RO         7330    i.xTCPWindowTxHasData  freertos_tcp_win.o
    0x08006eae   0x08006eae   0x00000002   PAD
    0x08006eb0   0x08006eb0   0x00000078   Code   RO         5749    i.xTaskCheckForTimeOut  tasks.o
    0x08006f28   0x08006f28   0x00000060   Code   RO         5750    i.xTaskCreate       tasks.o
    0x08006f88   0x08006f88   0x0000000c   Code   RO         5753    i.xTaskGetCurrentTaskHandle  tasks.o
    0x08006f94   0x08006f94   0x0000000c   Code   RO         5757    i.xTaskGetTickCount  tasks.o
    0x08006fa0   0x08006fa0   0x0000011c   Code   RO         5759    i.xTaskIncrementTick  tasks.o
    0x080070bc   0x080070bc   0x00000084   Code   RO         5762    i.xTaskPriorityDisinherit  tasks.o
    0x08007140   0x08007140   0x000000c8   Code   RO         5763    i.xTaskPriorityInherit  tasks.o
    0x08007208   0x08007208   0x00000080   Code   RO         5764    i.xTaskRemoveFromEventList  tasks.o
    0x08007288   0x08007288   0x000000e8   Code   RO         5765    i.xTaskResumeAll    tasks.o
    0x08007370   0x08007370   0x00000018   Data   RO         6083    .constdata          heap_5.o
    0x08007388   0x08007388   0x00000026   Data   RO         6274    .constdata          freertos_arp.o
    0x080073ae   0x080073ae   0x00000029   Data   RO         6393    .constdata          freertos_dhcp.o
    0x080073d7   0x080073d7   0x00000001   PAD
    0x080073d8   0x080073d8   0x00000018   Data   RO         6508    .constdata          freertos_ip.o
    0x080073f0   0x080073f0   0x00000008   Data   RO         6788    .constdata          freertos_sockets.o
    0x080073f8   0x080073f8   0x00000004   Data   RO         7451    .constdata          bufferallocation_2.o
    0x080073fc   0x080073fc   0x00000020   Data   RO         8986    Region$$Table       anon$$obj.o


    Execution Region RW_IRAM1 (Exec base: 0x20000000, Load base: 0x0800741c, Size: 0x00014590, Max: 0x00020000, ABSOLUTE)

    Exec Addr    Load Addr    Size         Type   Attr      Idx    E Section Name        Object

    0x20000000   0x0800741c   0x00000014   Data   RW            7    .data               system_stm32f4xx.o
    0x20000014   0x08007430   0x00000010   Data   RW         3032    .data               stm32f4xx_rcc.o
    0x20000024   0x08007440   0x0000003c   Data   RW         5768    .data               tasks.o
    0x20000060   0x0800747c   0x00000018   Data   RW         6084    .data               heap_5.o
    0x20000078   0x08007494   0x00000004   Data   RW         6134    .data               port.o
    0x2000007c   0x08007498   0x00000004   Data   RW         6275    .data               freertos_arp.o
    0x20000080   0x0800749c   0x00000024   Data   RW         6509    .data               freertos_ip.o
    0x200000a4   0x080074c0   0x00000004   Data   RW         6789    .data               freertos_sockets.o
    0x200000a8   0x080074c4   0x00000004   Data   RW         7331    .data               freertos_tcp_win.o
    0x200000ac   0x080074c8   0x00000018   Data   RW         7419    .data               freertos_udp_ip.o
    0x200000c4   0x080074e0   0x00000008   Data   RW         7452    .data               bufferallocation_2.o
    0x200000cc   0x080074e8   0x00000008   Data   RW         7517    .data               freertosiphook.o
    0x200000d4   0x080074f0   0x00000010   Data   RW         7682    .data               stm32f4x7_eth.o
    0x200000e4   0x08007500   0x00000020   Data   RW         8141    .data               lan8720.o
    0x20000104   0x08007520   0x00000004   Data   RW         8962    .data               mc_w.l(stdout.o)
    0x20000108        -       0x000000c8   Zero   RW         5767    .bss                tasks.o
    0x200001d0        -       0x00010000   Zero   RW         6082    .bss                heap_5.o
    0x200101d0        -       0x000000c0   Zero   RW         6273    .bss                freertos_arp.o
    0x20010290        -       0x00000024   Zero   RW         6392    .bss                freertos_dhcp.o
    0x200102b4        -       0x00000064   Zero   RW         6507    .bss                freertos_ip.o
    0x20010318        -       0x00000028   Zero   RW         6787    .bss                freertos_sockets.o
    0x20010340        -       0x0000017c   Zero   RW         7450    .bss                bufferallocation_2.o
    0x200104bc        -       0x00003cd4   Zero   RW         7681    .bss                stm32f4x7_eth.o
    0x20014190        -       0x00000400   Zero   RW          145    STACK               startup_stm32f40_41xxx.o



  Load Region LR$$.ARM.__AT_0x10000000 (Base: 0x10000000, Size: 0x00000000, Max: 0x00010000, ABSOLUTE)

    Execution Region ER$$.ARM.__AT_0x10000000 (Exec base: 0x10000000, Load base: 0x10000000, Size: 0x00010000, Max: 0x00010000, ABSOLUTE, UNINIT)

    Exec Addr    Load Addr    Size         Type   Attr      Idx    E Section Name        Object

    0x10000000        -       0x00010000   Zero   RW         6081    .ARM.__AT_0x10000000  heap_5.o


==============================================================================

Image component sizes


      Code (inc. data)   RO Data    RW Data    ZI Data      Debug   Object Name

       376         42          4          8        380       4008   bufferallocation_2.o
         0          0          0          0          0      10656   croutine.o
       480          6          0          0          0      16478   event_groups.o
      1046         72         38          4        192      29740   freertos_arp.o
      1540         84         41          0         36      16267   freertos_dhcp.o
      2270        220         24         36        100      29669   freertos_ip.o
      3450         92          8          4         40      39650   freertos_sockets.o
       436          0          0          0          0       9032   freertos_stream_buffer.o
      6000         86          0          0          0      45912   freertos_tcp_ip.o
       664         18          0          4          0      11078   freertos_tcp_win.o
       344         10          0         24          0      11066   freertos_udp_ip.o
       152         50          0          0          0      30605   freertoshook.o
       358         76          0          8          0      41134   freertosiphook.o
       612         58         24         24     131072       4155   heap_5.o
       700         44          0         32          0       4732   lan8720.o
       148          0          0          0          0       3174   list.o
       340         92          0          0          0        799   main.o
       180         24          0          0          0     240333   misc.o
       504         56          0          4          0       9200   port.o
       796         62          0          0          0       9180   public.o
      1674         18          0          0          0      16658   queue.o
        36          8        392          0       1024        820   startup_stm32f40_41xxx.o
      1904        148          0         16      15572      51011   stm32f4x7_eth.o
       222          0          0          0          0       2775   stm32f4xx_gpio.o
        20          0          0          0          0       2669   stm32f4xx_it.o
        68         30          0          0          0       2470   stm32f4xx_iwdg.o
       360         42          0         16          0       5104   stm32f4xx_rcc.o
        72         16          0          0          0       1564   stm32f4xx_rng.o
        12          6          0          0          0        558   stm32f4xx_syscfg.o
        40          0          0          0          0       1770   stm32f4xx_tim.o
       402          8          0          0          0       5108   stm32f4xx_usart.o
       340         32          0         20          0      54389   system_stm32f4xx.o
      3104        438          0         60        200      32940   tasks.o
         0          0          0          0          0       2228   timers.o

    ----------------------------------------------------------------------
     28700       1838        564        260     148616     746932   Object Totals
         0          0         32          0          0          0   (incl. Generated)
        50          0          1          0          0          0   (incl. Padding)

    ----------------------------------------------------------------------

      Code (inc. data)   RO Data    RW Data    ZI Data      Debug   Library Member Name

         0          0          0          0          0          0   entry.o
         0          0          0          0          0          0   entry10a.o
         0          0          0          0          0          0   entry11a.o
         8          4          0          0          0          0   entry2.o
         4          0          0          0          0          0   entry5.o
         0          0          0          0          0          0   entry7b.o
         0          0          0          0          0          0   entry8b.o
         8          4          0          0          0          0   entry9a.o
        30          0          0          0          0          0   handlers.o
        36          8          0          0          0         68   init.o
        26          0          0          0          0         80   memcmp.o
        64          0          0          0          0         76   memmovea.o
        36          0          0          0          0        108   memseta.o
       246         10          0          0          0        176   printf2.o
         0          0          0          4          0          0   stdout.o

    ----------------------------------------------------------------------
       460         26          0          4          0        508   Library Totals
         2          0          0          0          0          0   (incl. Padding)

    ----------------------------------------------------------------------

      Code (inc. data)   RO Data    RW Data    ZI Data      Debug   Library Name

       458         26          0          4          0        508   mc_w.l

    ----------------------------------------------------------------------
       460         26          0          4          0        508   Library Totals

    ----------------------------------------------------------------------

==============================================================================


      Code (inc. data)   RO Data    RW Data    ZI Data      Debug   

     29160       1864        564        264     148616     718388   Grand Totals
     29160       1864        564        264     148616     718388   ELF Image Totals
     29160       1864        564        264          0          0   ROM Totals

==============================================================================

    Total RO  Size (Code + RO Data)                29724 (  29.03kB)
    Total RW  Size (RW Data + ZI Data)            148880 ( 145.39kB)
    Total ROM Size (Code + RO Data + RW Data)      29988 (  29.29kB)

==============================================================================

